{
  "profiles":  [
    {
      "context":  {
        "project":  "00000000-0000-0000-0000-000000000000"
      },
      "id":  "11111111-1111-1111-1111-111111111111",
      "name":  "mock-artifact-profile",
      "artifact":  [
        {
          "type":  "artifact_signature",
          "params":  {
            "name":  "mock-artifact",
            "tags":  [
              "latest"
            ]
          },
          "def":  {
            "is_signed":  true,
            "is_verified":  true
          },
          "name":  "Mock ensure artifacts are signed"
        }
      ],
      "remediate":  "off",
      "alert":  "on",
      "displayName":  "Mock Artifact Signature Profile"
    },
    {
      "context":  {
        "project":  "00000000-0000-0000-0000-000000000000"
      },
      "id":  "22222222-2222-2222-2222-222222222222",
      "name":  "mock-branch-protection",
      "repository":  [
        {
          "type":  "branch_protection_enabled",
          "params":  {
            "branch":  "main"
          },
          "def":  {},
          "name":  "Mock enable branch protection"
        },
        {
          "type":  "branch_protection_require_pull_request_approving_review_count",
          "params":  {
            "branch":  "main"
          },
          "def":  {
            "required_approving_review_count":  2
          },
          "name":  "Mock require 2 reviews"
        }
      ],
      "remediate":  "on",
      "alert":  "off",
      "displayName":  "Mock Branch Protection Profile"
    }
  ]
}
