=== RUN   TestGetRemediationURLFromMetadata
=== PAUSE TestGetRemediationURLFromMetadata
=== RUN   TestGetAlertURLFromMetadata
=== PAUSE TestGetAlertURLFromMetadata
=== RUN   TestEntityContextProjectInterceptor
=== PAUSE TestEntityContextProjectInterceptor
=== RUN   TestProjectAuthorizationInterceptor
=== PAUSE TestProjectAuthorizationInterceptor
=== RUN   TestRoleManagement
=== PAUSE TestRoleManagement
=== RUN   TestUpdateRole
=== PAUSE TestUpdateRole
=== RUN   TestAssignRole
=== PAUSE TestAssignRole
=== RUN   TestRemoveRole
=== PAUSE TestRemoveRole
=== RUN   TestCreateDataSource
=== PAUSE TestCreateDataSource
=== RUN   TestGetDataSourceById
=== PAUSE TestGetDataSourceById
=== RUN   TestGetDataSourceByName
=== PAUSE TestGetDataSourceByName
=== RUN   TestListDataSources
=== PAUSE TestListDataSources
=== RUN   TestUpdateDataSource
=== PAUSE TestUpdateDataSource
=== RUN   TestDeleteDataSourceById
=== PAUSE TestDeleteDataSourceById
=== RUN   TestDeleteDataSourceByName
=== PAUSE TestDeleteDataSourceByName
=== RUN   TestServer_ReconcileEntityRegistration
=== PAUSE TestServer_ReconcileEntityRegistration
=== RUN   TestServer_RegisterEntity
=== PAUSE TestServer_RegisterEntity
=== RUN   TestParseIdentifyingProperties
=== PAUSE TestParseIdentifyingProperties
=== RUN   TestBuildEvalResultAlertFromLRERow
=== PAUSE TestBuildEvalResultAlertFromLRERow
=== RUN   TestDBEntityToEntity
=== PAUSE TestDBEntityToEntity
=== RUN   TestFromEvaluationHistoryRows
=== PAUSE TestFromEvaluationHistoryRows
=== RUN   TestGetInviteDetails
=== PAUSE TestGetInviteDetails
=== RUN   Test_NewOAuthConfig
=== PAUSE Test_NewOAuthConfig
=== RUN   TestGetAuthorizationURL
=== PAUSE TestGetAuthorizationURL
=== RUN   TestProviderCallback
=== PAUSE TestProviderCallback
=== RUN   TestHandleGitHubAppCallback
=== PAUSE TestHandleGitHubAppCallback
=== RUN   TestVerifyProviderCredential
=== PAUSE TestVerifyProviderCredential
=== RUN   TestCreateProfile
=== PAUSE TestCreateProfile
=== RUN   TestPatchProfile
=== PAUSE TestPatchProfile
=== RUN   TestPatchManagedProfile
=== PAUSE TestPatchManagedProfile
=== RUN   TestGetProfileStatusByName
=== PAUSE TestGetProfileStatusByName
=== RUN   TestGetProfileStatusById
=== PAUSE TestGetProfileStatusById
=== RUN   TestDeleteProfile
=== PAUSE TestDeleteProfile
=== RUN   TestListProfiles
=== PAUSE TestListProfiles
=== RUN   TestGetProfileById
=== PAUSE TestGetProfileById
=== RUN   TestGetProfileByName
=== PAUSE TestGetProfileByName
=== RUN   TestListProjects
=== PAUSE TestListProjects
=== RUN   TestListProjectsWithOneDeletedWhileIterating
=== PAUSE TestListProjectsWithOneDeletedWhileIterating
=== RUN   TestCreateProvider
=== PAUSE TestCreateProvider
=== RUN   TestCreateProviderFailures
=== PAUSE TestCreateProviderFailures
=== RUN   TestDeleteProvider
=== PAUSE TestDeleteProvider
=== RUN   TestDeleteProviderByID
=== PAUSE TestDeleteProviderByID
=== RUN   TestServer_CreateRepositoryReconciliationTask
=== PAUSE TestServer_CreateRepositoryReconciliationTask
=== RUN   TestServer_RegisterRepository
=== PAUSE TestServer_RegisterRepository
=== RUN   TestServer_ListRepositories
=== PAUSE TestServer_ListRepositories
=== RUN   TestServer_ListRemoteRepositoriesFromProvider
=== PAUSE TestServer_ListRemoteRepositoriesFromProvider
=== RUN   TestServer_DeleteRepository
=== PAUSE TestServer_DeleteRepository
=== RUN   TestCreateRuleType
=== PAUSE TestCreateRuleType
=== RUN   TestUpdateRuleType
=== PAUSE TestUpdateRuleType
=== RUN   TestDeleteRuleType
=== PAUSE TestDeleteRuleType
=== RUN   TestListRuleTypes
=== PAUSE TestListRuleTypes
=== RUN   TestCheckHealth
=== PAUSE TestCheckHealth
=== RUN   TestCreateUser_gRPC
=== PAUSE TestCreateUser_gRPC
=== RUN   TestDeleteUserDBMock
=== PAUSE TestDeleteUserDBMock
=== RUN   TestDeleteUser_gRPC
=== PAUSE TestDeleteUser_gRPC
=== RUN   TestListInvitations
=== PAUSE TestListInvitations
=== RUN   TestResolveInvitation
=== PAUSE TestResolveInvitation
=== RUN   TestHandleEvents
=== PAUSE TestHandleEvents
=== RUN   TestHandleAdminEvents
=== PAUSE TestHandleAdminEvents
=== RUN   TestDeleteUserOneProject
=== PAUSE TestDeleteUserOneProject
=== RUN   TestDeleteUserMultiProjectMembership
=== PAUSE TestDeleteUserMultiProjectMembership
=== RUN   TestWebhook
=== PAUSE TestWebhook
=== RUN   TestHandleRequestTooLarge
=== PAUSE TestHandleRequestTooLarge
=== CONT  TestGetRemediationURLFromMetadata
=== RUN   TestGetRemediationURLFromMetadata/normal
=== CONT  TestDeleteProfile
=== PAUSE TestGetRemediationURLFromMetadata/normal
=== RUN   TestGetRemediationURLFromMetadata/invalid-slug
=== PAUSE TestGetRemediationURLFromMetadata/invalid-slug
=== RUN   TestGetRemediationURLFromMetadata/no-pr
=== PAUSE TestGetRemediationURLFromMetadata/no-pr
=== CONT  TestUpdateRuleType
=== RUN   TestUpdateRuleType/happy_path
=== PAUSE TestUpdateRuleType/happy_path
=== RUN   TestGetRemediationURLFromMetadata/no-slug
=== CONT  TestGetProfileStatusById
=== CONT  TestGetProfileStatusByName
=== CONT  TestPatchManagedProfile
=== CONT  TestDeleteDataSourceByName
=== RUN   TestDeleteDataSourceByName/happy_path
=== PAUSE TestDeleteDataSourceByName/happy_path
=== CONT  TestDeleteDataSourceById
=== RUN   TestDeleteDataSourceByName/missing_data_source_name
=== CONT  TestUpdateDataSource
=== RUN   TestUpdateDataSource/happy_path
=== CONT  TestListDataSources
=== PAUSE TestUpdateDataSource/happy_path
=== RUN   TestDeleteDataSourceById/happy_path
=== RUN   TestUpdateDataSource/missing_data_source
=== RUN   TestListDataSources/happy_path
=== PAUSE TestUpdateDataSource/missing_data_source
=== CONT  TestGetDataSourceByName
=== PAUSE TestListDataSources/happy_path
=== RUN   TestGetDataSourceByName/happy_path
=== PAUSE TestDeleteDataSourceById/happy_path
=== PAUSE TestGetDataSourceByName/happy_path
=== PAUSE TestGetRemediationURLFromMetadata/no-slug
=== RUN   TestDeleteDataSourceById/missing_data_source_ID
=== RUN   TestGetRemediationURLFromMetadata/no-slug-no-pr
=== PAUSE TestDeleteDataSourceById/missing_data_source_ID
=== PAUSE TestGetRemediationURLFromMetadata/no-slug-no-pr
=== RUN   TestDeleteDataSourceById/invalid_data_source_ID_format
=== RUN   TestGetRemediationURLFromMetadata/invalid-json
=== PAUSE TestDeleteDataSourceById/invalid_data_source_ID_format
=== RUN   TestGetDataSourceByName/missing_data_source_name
=== PAUSE TestGetRemediationURLFromMetadata/invalid-json
=== RUN   TestUpdateRuleType/guidance_sanitize_error
=== PAUSE TestUpdateRuleType/guidance_sanitize_error
=== RUN   TestUpdateRuleType/guidance_not_utf-8
=== PAUSE TestDeleteDataSourceByName/missing_data_source_name
=== RUN   TestDeleteDataSourceByName/invalid_data_source_ID_format
=== PAUSE TestDeleteDataSourceByName/invalid_data_source_ID_format
=== CONT  TestGetDataSourceById
=== RUN   TestGetDataSourceById/happy_path
=== PAUSE TestGetDataSourceById/happy_path
=== PAUSE TestGetDataSourceByName/missing_data_source_name
=== CONT  TestResolveInvitation
=== CONT  TestDeleteUserMultiProjectMembership
=== PAUSE TestUpdateRuleType/guidance_not_utf-8
=== CONT  TestHandleRequestTooLarge
=== CONT  TestWebhook
=== RUN   TestGetDataSourceById/missing_data_source_ID
=== PAUSE TestGetDataSourceById/missing_data_source_ID
=== RUN   TestUpdateRuleType/guidance_too_long
=== RUN   TestGetDataSourceById/invalid_data_source_ID_format
=== PAUSE TestGetDataSourceById/invalid_data_source_ID_format
=== CONT  TestDeleteUserOneProject
=== PAUSE TestUpdateRuleType/guidance_too_long
=== CONT  TestHandleAdminEvents
=== RUN   TestResolveInvitation/code_not_found
=== PAUSE TestResolveInvitation/code_not_found
=== RUN   TestResolveInvitation/user_self_resolving
=== PAUSE TestResolveInvitation/user_self_resolving
=== RUN   TestResolveInvitation/expired_invitation
=== PAUSE TestResolveInvitation/expired_invitation
=== RUN   TestResolveInvitation/Success_accept
=== PAUSE TestResolveInvitation/Success_accept
=== RUN   TestResolveInvitation/Success_decline
=== PAUSE TestResolveInvitation/Success_decline
=== RUN   TestResolveInvitation/Can't_accept_for_current_role
=== PAUSE TestResolveInvitation/Can't_accept_for_current_role
=== RUN   TestResolveInvitation/Update_role_if_accepting_existing_invite
=== PAUSE TestResolveInvitation/Update_role_if_accepting_existing_invite
=== RUN   TestResolveInvitation/Success_create_user
=== PAUSE TestResolveInvitation/Success_create_user
=== CONT  TestHandleEvents
--- PASS: TestWebhook (0.00s)
=== CONT  TestDeleteProvider
--- PASS: TestDeleteProvider (0.00s)
=== CONT  TestRoleManagement
=== RUN   TestRoleManagement/email_invitation_adds
=== PAUSE TestRoleManagement/email_invitation_adds
=== RUN   TestRoleManagement/email_invitation_add_and_remove
=== PAUSE TestRoleManagement/email_invitation_add_and_remove
=== RUN   TestRoleManagement/human_subject_adds_rejected
=== PAUSE TestRoleManagement/human_subject_adds_rejected
=== RUN   TestRoleManagement/machine_account_with_invitations
=== PAUSE TestRoleManagement/machine_account_with_invitations
=== CONT  TestRemoveRole
=== RUN   TestRemoveRole/error_with_no_subject_or_email
=== PAUSE TestRemoveRole/error_with_no_subject_or_email
=== RUN   TestRemoveRole/request_with_email_deletes_invite
=== PAUSE TestRemoveRole/request_with_email_deletes_invite
=== RUN   TestRemoveRole/no_invite_present_produces_error
=== PAUSE TestRemoveRole/no_invite_present_produces_error
=== RUN   TestRemoveRole/request_with_subject_deletes_role_assignment
=== PAUSE TestRemoveRole/request_with_subject_deletes_role_assignment
=== CONT  TestAssignRole
=== RUN   TestAssignRole/error_with_no_subject_or_email
=== PAUSE TestAssignRole/error_with_no_subject_or_email
=== RUN   TestAssignRole/error_when_self_enroll
=== PAUSE TestAssignRole/error_when_self_enroll
=== RUN   TestAssignRole/error_when_project_ID_is_not_found
=== PAUSE TestAssignRole/error_when_project_ID_is_not_found
=== RUN   TestAssignRole/request_with_email_creates_invite
=== CONT  Test_NewOAuthConfig
--- PASS: TestHandleEvents (0.00s)
--- PASS: TestHandleAdminEvents (0.00s)
=== PAUSE TestAssignRole/request_with_email_creates_invite
=== RUN   Test_NewOAuthConfig/github_cli
=== RUN   TestAssignRole/request_with_human_subject_returns_error
=== PAUSE Test_NewOAuthConfig/github_cli
=== PAUSE TestAssignRole/request_with_human_subject_returns_error
=== RUN   TestAssignRole/grant_permission_to_GitHub_Action
=== CONT  TestUpdateRole
=== RUN   TestUpdateRole/error_when_self_update
=== PAUSE TestUpdateRole/error_when_self_update
=== RUN   TestUpdateRole/error_with_no_subject_or_email
=== RUN   Test_NewOAuthConfig/github_web
=== PAUSE Test_NewOAuthConfig/github_web
=== RUN   Test_NewOAuthConfig/github_app_cli
=== PAUSE Test_NewOAuthConfig/github_app_cli
=== PAUSE TestAssignRole/grant_permission_to_GitHub_Action
=== RUN   Test_NewOAuthConfig/github_app_web
=== PAUSE Test_NewOAuthConfig/github_app_web
=== RUN   Test_NewOAuthConfig/dockerhub_fails_as_expected
=== PAUSE Test_NewOAuthConfig/dockerhub_fails_as_expected
=== CONT  TestCreateProfile
=== PAUSE TestUpdateRole/error_with_no_subject_or_email
=== RUN   TestUpdateRole/request_with_email_updates_invite
=== PAUSE TestUpdateRole/request_with_email_updates_invite
=== RUN   TestUpdateRole/request_with_subject_updates_role_assignment
=== PAUSE TestUpdateRole/request_with_subject_updates_role_assignment
=== CONT  TestVerifyProviderCredential
=== RUN   TestVerifyProviderCredential/Success_with_access_token
=== PAUSE TestVerifyProviderCredential/Success_with_access_token
=== CONT  TestPatchProfile
=== RUN   TestVerifyProviderCredential/Success_with_installation_ID
=== PAUSE TestVerifyProviderCredential/Success_with_installation_ID
=== RUN   TestVerifyProviderCredential/No_credential
=== PAUSE TestVerifyProviderCredential/No_credential
=== RUN   TestVerifyProviderCredential/Failure_due_to_error
=== PAUSE TestVerifyProviderCredential/Failure_due_to_error
=== CONT  TestHandleGitHubAppCallback
=== RUN   TestHandleGitHubAppCallback/Success_with_state
=== PAUSE TestHandleGitHubAppCallback/Success_with_state
=== RUN   TestHandleGitHubAppCallback/Success_no_provider
=== PAUSE TestHandleGitHubAppCallback/Success_no_provider
=== RUN   TestHandleGitHubAppCallback/Invalid_installation_ID
=== PAUSE TestHandleGitHubAppCallback/Invalid_installation_ID
=== RUN   TestHandleGitHubAppCallback/Wrong_remote_userid
=== PAUSE TestHandleGitHubAppCallback/Wrong_remote_userid
=== RUN   TestHandleGitHubAppCallback/Invalid_config
=== PAUSE TestHandleGitHubAppCallback/Invalid_config
=== RUN   TestHandleGitHubAppCallback/Request_to_install
=== PAUSE TestHandleGitHubAppCallback/Request_to_install
=== CONT  TestProviderCallback
=== RUN   TestProviderCallback/Success
=== PAUSE TestProviderCallback/Success
=== RUN   TestProviderCallback/Success_with_remote_user
=== PAUSE TestProviderCallback/Success_with_remote_user
=== RUN   TestProviderCallback/Wrong_remote_userid
=== PAUSE TestProviderCallback/Wrong_remote_userid
=== RUN   TestProviderCallback/No_existing_provider
=== PAUSE TestProviderCallback/No_existing_provider
=== RUN   TestProviderCallback/Config_does_not_validate
=== PAUSE TestProviderCallback/Config_does_not_validate
=== RUN   TestProviderCallback/Invalid_ownerfilter_returns_useful_error
=== PAUSE TestProviderCallback/Invalid_ownerfilter_returns_useful_error
=== RUN   TestProviderCallback/Other_failures_during_ownerfilter_returns_generic_error
=== PAUSE TestProviderCallback/Other_failures_during_ownerfilter_returns_generic_error
=== CONT  TestGetAuthorizationURL
=== RUN   TestGetAuthorizationURL/Success_OAuth
=== PAUSE TestGetAuthorizationURL/Success_OAuth
=== RUN   TestGetAuthorizationURL/Success_GitHub_App
=== PAUSE TestGetAuthorizationURL/Success_GitHub_App
=== RUN   TestGetAuthorizationURL/Unsupported_auth_flow
=== PAUSE TestGetAuthorizationURL/Unsupported_auth_flow
=== RUN   TestGetAuthorizationURL/Bad_redirect_URL
=== PAUSE TestGetAuthorizationURL/Bad_redirect_URL
=== RUN   TestGetAuthorizationURL/No_GitHub_id
=== PAUSE TestGetAuthorizationURL/No_GitHub_id
=== CONT  TestServer_ListRepositories
=== RUN   TestServer_ListRepositories/List_repositories_succeeds_with_multiple_results
=== PAUSE TestServer_ListRepositories/List_repositories_succeeds_with_multiple_results
=== RUN   TestServer_ListRepositories/List_repositories_fails_when_provider_cannot_be_found
=== PAUSE TestServer_ListRepositories/List_repositories_fails_when_provider_cannot_be_found
=== RUN   TestServer_ListRepositories/List_repositories_succeeds_with_empty_results
=== PAUSE TestServer_ListRepositories/List_repositories_succeeds_with_empty_results
=== RUN   TestServer_ListRepositories/List_repositories_fails_when_repo_service_returns_error
=== PAUSE TestServer_ListRepositories/List_repositories_fails_when_repo_service_returns_error
=== CONT  TestServer_DeleteRepository
=== RUN   TestServer_DeleteRepository/delete_by_name_fails_when_name_is_malformed
=== PAUSE TestServer_DeleteRepository/delete_by_name_fails_when_name_is_malformed
=== RUN   TestServer_DeleteRepository/delete_by_ID_fails_when_ID_is_malformed
=== PAUSE TestServer_DeleteRepository/delete_by_ID_fails_when_ID_is_malformed
=== RUN   TestServer_DeleteRepository/deletion_fails_when_repo_service_returns_error
=== PAUSE TestServer_DeleteRepository/deletion_fails_when_repo_service_returns_error
=== RUN   TestServer_DeleteRepository/delete_by_ID_fails_when_repo_service_returns_error
=== PAUSE TestServer_DeleteRepository/delete_by_ID_fails_when_repo_service_returns_error
=== RUN   TestServer_DeleteRepository/deletion_fails_when_repo_is_not_found
=== PAUSE TestServer_DeleteRepository/deletion_fails_when_repo_is_not_found
=== RUN   TestServer_DeleteRepository/delete_by_ID_fails_when_repo_is_not_found
=== PAUSE TestServer_DeleteRepository/delete_by_ID_fails_when_repo_is_not_found
=== RUN   TestServer_DeleteRepository/delete_by_name_succeeds
=== PAUSE TestServer_DeleteRepository/delete_by_name_succeeds
=== RUN   TestServer_DeleteRepository/delete_by_ID_succeeds
=== PAUSE TestServer_DeleteRepository/delete_by_ID_succeeds
=== CONT  TestServer_ListRemoteRepositoriesFromProvider
=== RUN   TestServer_ListRemoteRepositoriesFromProvider/List_remote_repositories_fails_when_all_providers_error
=== PAUSE TestServer_ListRemoteRepositoriesFromProvider/List_remote_repositories_fails_when_all_providers_error
=== RUN   TestServer_ListRemoteRepositoriesFromProvider/List_remote_repositories_succeeds_when_all_providers_succeed
=== PAUSE TestServer_ListRemoteRepositoriesFromProvider/List_remote_repositories_succeeds_when_all_providers_succeed
=== RUN   TestServer_ListRemoteRepositoriesFromProvider/List_remote_repositories_fails_when_db_fails
=== PAUSE TestServer_ListRemoteRepositoriesFromProvider/List_remote_repositories_fails_when_db_fails
=== CONT  TestServer_CreateRepositoryReconciliationTask
=== RUN   TestServer_CreateRepositoryReconciliationTask/reconciliation_task_created
=== PAUSE TestServer_CreateRepositoryReconciliationTask/reconciliation_task_created
=== RUN   TestServer_CreateRepositoryReconciliationTask/create_reconciliation_by_name
=== PAUSE TestServer_CreateRepositoryReconciliationTask/create_reconciliation_by_name
=== RUN   TestServer_CreateRepositoryReconciliationTask/no_provider_succeeds
=== PAUSE TestServer_CreateRepositoryReconciliationTask/no_provider_succeeds
=== RUN   TestServer_CreateRepositoryReconciliationTask/invalid_entity_context
=== PAUSE TestServer_CreateRepositoryReconciliationTask/invalid_entity_context
=== RUN   TestServer_CreateRepositoryReconciliationTask/repository_not_found
=== PAUSE TestServer_CreateRepositoryReconciliationTask/repository_not_found
=== RUN   TestServer_CreateRepositoryReconciliationTask/sql_conn_done
=== PAUSE TestServer_CreateRepositoryReconciliationTask/sql_conn_done
=== RUN   TestServer_CreateRepositoryReconciliationTask/invalid_repo_id
=== PAUSE TestServer_CreateRepositoryReconciliationTask/invalid_repo_id
=== RUN   TestServer_CreateRepositoryReconciliationTask/invalid_entity_type
=== PAUSE TestServer_CreateRepositoryReconciliationTask/invalid_entity_type
=== RUN   TestServer_CreateRepositoryReconciliationTask/nil_entity
=== PAUSE TestServer_CreateRepositoryReconciliationTask/nil_entity
=== CONT  TestEntityContextProjectInterceptor
=== RUN   TestEntityContextProjectInterceptor/not_implementing_proto_context_throws_error
=== PAUSE TestEntityContextProjectInterceptor/not_implementing_proto_context_throws_error
=== RUN   TestEntityContextProjectInterceptor/target_resource_unspecified_throws_error
=== PAUSE TestEntityContextProjectInterceptor/target_resource_unspecified_throws_error
=== RUN   TestEntityContextProjectInterceptor/non_project_owner_bypasses_interceptor
=== PAUSE TestEntityContextProjectInterceptor/non_project_owner_bypasses_interceptor
=== RUN   TestEntityContextProjectInterceptor/invalid_request_with_nil_context_and_multiple_projects
=== PAUSE TestEntityContextProjectInterceptor/invalid_request_with_nil_context_and_multiple_projects
=== RUN   TestEntityContextProjectInterceptor/malformed_project_ID
=== PAUSE TestEntityContextProjectInterceptor/malformed_project_ID
=== RUN   TestEntityContextProjectInterceptor/empty_context
=== PAUSE TestEntityContextProjectInterceptor/empty_context
=== RUN   TestEntityContextProjectInterceptor/no_provider
=== PAUSE TestEntityContextProjectInterceptor/no_provider
=== RUN   TestEntityContextProjectInterceptor/sets_entity_context
=== PAUSE TestEntityContextProjectInterceptor/sets_entity_context
=== RUN   TestEntityContextProjectInterceptor/lookup_by_name
=== PAUSE TestEntityContextProjectInterceptor/lookup_by_name
=== RUN   TestEntityContextProjectInterceptor/with_ContextV2
=== PAUSE TestEntityContextProjectInterceptor/with_ContextV2
=== CONT  TestProjectAuthorizationInterceptor
=== RUN   TestProjectAuthorizationInterceptor/anonymous_bypasses_interceptor
=== PAUSE TestProjectAuthorizationInterceptor/anonymous_bypasses_interceptor
=== RUN   TestProjectAuthorizationInterceptor/non_project_owner_bypasses_interceptor
=== PAUSE TestProjectAuthorizationInterceptor/non_project_owner_bypasses_interceptor
=== RUN   TestProjectAuthorizationInterceptor/not_authorized_on_project_error
=== PAUSE TestProjectAuthorizationInterceptor/not_authorized_on_project_error
=== RUN   TestProjectAuthorizationInterceptor/authorized_on_project
=== PAUSE TestProjectAuthorizationInterceptor/authorized_on_project
=== RUN   TestProjectAuthorizationInterceptor/admin_create
=== PAUSE TestProjectAuthorizationInterceptor/admin_create
=== RUN   TestProjectAuthorizationInterceptor/admin_delete
=== PAUSE TestProjectAuthorizationInterceptor/admin_delete
=== CONT  TestCreateUser_gRPC
=== RUN   TestCreateUser_gRPC/Success
=== PAUSE TestCreateUser_gRPC/Success
=== RUN   TestCreateUser_gRPC/Success_with_pending_App
=== PAUSE TestCreateUser_gRPC/Success_with_pending_App
=== RUN   TestCreateUser_gRPC/Success_with_two_pending_Apps
=== PAUSE TestCreateUser_gRPC/Success_with_two_pending_Apps
=== CONT  TestListInvitations
=== RUN   TestListInvitations/Main_user
=== PAUSE TestListInvitations/Main_user
=== RUN   TestListInvitations/Other_user
=== PAUSE TestListInvitations/Other_user
=== RUN   TestListInvitations/No_invitations
=== PAUSE TestListInvitations/No_invitations
=== CONT  TestDeleteUser_gRPC
=== RUN   TestDeleteUser_gRPC/Success
=== PAUSE TestDeleteUser_gRPC/Success
=== CONT  TestDeleteUserDBMock
--- PASS: TestDeleteUserDBMock (0.00s)
=== CONT  TestDBEntityToEntity
=== RUN   TestDBEntityToEntity/pull_request
=== PAUSE TestDBEntityToEntity/pull_request
=== RUN   TestDBEntityToEntity/artifact
=== PAUSE TestDBEntityToEntity/artifact
=== RUN   TestDBEntityToEntity/repository
=== PAUSE TestDBEntityToEntity/repository
=== RUN   TestDBEntityToEntity/build_environments
=== PAUSE TestDBEntityToEntity/build_environments
=== RUN   TestDBEntityToEntity/release
=== PAUSE TestDBEntityToEntity/release
=== RUN   TestDBEntityToEntity/pipeline_run
=== PAUSE TestDBEntityToEntity/pipeline_run
=== RUN   TestDBEntityToEntity/task_run
=== PAUSE TestDBEntityToEntity/task_run
=== RUN   TestDBEntityToEntity/build
=== PAUSE TestDBEntityToEntity/build
=== RUN   TestDBEntityToEntity/default
=== PAUSE TestDBEntityToEntity/default
=== CONT  TestGetInviteDetails
=== RUN   TestGetInviteDetails/missing_code
=== PAUSE TestGetInviteDetails/missing_code
=== RUN   TestGetInviteDetails/invitation_not_found
=== PAUSE TestGetInviteDetails/invitation_not_found
=== RUN   TestGetInviteDetails/success
=== PAUSE TestGetInviteDetails/success
=== CONT  TestFromEvaluationHistoryRows
=== RUN   TestFromEvaluationHistoryRows/empty
=== PAUSE TestFromEvaluationHistoryRows/empty
=== RUN   TestFromEvaluationHistoryRows/happy_path
=== PAUSE TestFromEvaluationHistoryRows/happy_path
=== RUN   TestFromEvaluationHistoryRows/order_preserved
=== PAUSE TestFromEvaluationHistoryRows/order_preserved
=== RUN   TestFromEvaluationHistoryRows/optional_alert
=== PAUSE TestFromEvaluationHistoryRows/optional_alert
=== RUN   TestFromEvaluationHistoryRows/optional_remediation
=== PAUSE TestFromEvaluationHistoryRows/optional_remediation
=== CONT  TestServer_RegisterRepository
=== RUN   TestServer_RegisterRepository/Repo_creation_fails_when_provider_cannot_be_found
=== PAUSE TestServer_RegisterRepository/Repo_creation_fails_when_provider_cannot_be_found
=== RUN   TestServer_RegisterRepository/Repo_creation_fails_when_repo_name_is_missing
=== PAUSE TestServer_RegisterRepository/Repo_creation_fails_when_repo_name_is_missing
=== RUN   TestServer_RegisterRepository/Repo_creation_fails_when_repo_does_not_exist_in_Github
=== PAUSE TestServer_RegisterRepository/Repo_creation_fails_when_repo_does_not_exist_in_Github
=== RUN   TestServer_RegisterRepository/Repo_creation_fails_repo_is_private,_and_private_repos_are_not_allowed
=== PAUSE TestServer_RegisterRepository/Repo_creation_fails_repo_is_private,_and_private_repos_are_not_allowed
=== RUN   TestServer_RegisterRepository/Repo_creation_fails_repo_is_archived,_and_archived_repos_are_not_allowed
=== PAUSE TestServer_RegisterRepository/Repo_creation_fails_repo_is_archived,_and_archived_repos_are_not_allowed
=== RUN   TestServer_RegisterRepository/Repo_creation_on_unexpected_error
=== PAUSE TestServer_RegisterRepository/Repo_creation_on_unexpected_error
=== RUN   TestServer_RegisterRepository/Repo_creation_is_successful
=== PAUSE TestServer_RegisterRepository/Repo_creation_is_successful
=== CONT  TestParseIdentifyingProperties
=== RUN   TestParseIdentifyingProperties/parses_valid_properties
=== PAUSE TestParseIdentifyingProperties/parses_valid_properties
=== RUN   TestParseIdentifyingProperties/fails_when_properties_is_nil
=== PAUSE TestParseIdentifyingProperties/fails_when_properties_is_nil
=== RUN   TestParseIdentifyingProperties/rejects_properties_that_are_too_large
=== PAUSE TestParseIdentifyingProperties/rejects_properties_that_are_too_large
=== RUN   TestParseIdentifyingProperties/rejects_property_key_that_is_too_long
=== PAUSE TestParseIdentifyingProperties/rejects_property_key_that_is_too_long
=== RUN   TestParseIdentifyingProperties/handles_empty_properties_map
=== PAUSE TestParseIdentifyingProperties/handles_empty_properties_map
=== CONT  TestBuildEvalResultAlertFromLRERow
=== RUN   TestBuildEvalResultAlertFromLRERow/normal
=== PAUSE TestBuildEvalResultAlertFromLRERow/normal
=== RUN   TestBuildEvalResultAlertFromLRERow/no-advisory
=== PAUSE TestBuildEvalResultAlertFromLRERow/no-advisory
=== RUN   TestBuildEvalResultAlertFromLRERow/no-repo-owner
=== PAUSE TestBuildEvalResultAlertFromLRERow/no-repo-owner
=== CONT  TestServer_RegisterEntity
=== RUN   TestServer_RegisterEntity/successfully_registers_repository
=== PAUSE TestServer_RegisterEntity/successfully_registers_repository
=== RUN   TestServer_RegisterEntity/fails_when_entity_type_is_unspecified
=== PAUSE TestServer_RegisterEntity/fails_when_entity_type_is_unspecified
=== RUN   TestServer_RegisterEntity/fails_when_identifying_properties_is_nil
=== PAUSE TestServer_RegisterEntity/fails_when_identifying_properties_is_nil
=== RUN   TestServer_RegisterEntity/fails_when_provider_not_found
=== PAUSE TestServer_RegisterEntity/fails_when_provider_not_found
=== RUN   TestServer_RegisterEntity/rejects_archived_repository
=== PAUSE TestServer_RegisterEntity/rejects_archived_repository
=== RUN   TestServer_RegisterEntity/rejects_private_repository_when_forbidden
=== PAUSE TestServer_RegisterEntity/rejects_private_repository_when_forbidden
=== RUN   TestServer_RegisterEntity/handles_internal_errors_appropriately
=== PAUSE TestServer_RegisterEntity/handles_internal_errors_appropriately
=== CONT  TestListProjects
--- PASS: TestListProjects (0.00s)
=== CONT  TestCreateProviderFailures
=== RUN   TestCreateProviderFailures/unknown-class
=== PAUSE TestCreateProviderFailures/unknown-class
=== RUN   TestCreateProviderFailures/error-no-provider-param
=== PAUSE TestCreateProviderFailures/error-no-provider-param
=== RUN   TestCreateProviderFailures/provider-already-exists
=== PAUSE TestCreateProviderFailures/provider-already-exists
=== RUN   TestCreateProviderFailures/dockerhub-does-not-validate
=== PAUSE TestCreateProviderFailures/dockerhub-does-not-validate
=== RUN   TestCreateProviderFailures/github-app-does-not-validate
=== PAUSE TestCreateProviderFailures/github-app-does-not-validate
=== CONT  TestCreateProvider
=== RUN   TestCreateProvider/test-github-defaults
=== PAUSE TestCreateProvider/test-github-defaults
=== RUN   TestCreateProvider/test-github-config
=== PAUSE TestCreateProvider/test-github-config
=== RUN   TestCreateProvider/test-github-app-defaults
=== PAUSE TestCreateProvider/test-github-app-defaults
=== RUN   TestCreateProvider/test-github-app-config-newkey
=== PAUSE TestCreateProvider/test-github-app-config-newkey
=== RUN   TestCreateProvider/test-github-app-config-oldkey
=== PAUSE TestCreateProvider/test-github-app-config-oldkey
=== RUN   TestCreateProvider/test-dockerhub-config
=== PAUSE TestCreateProvider/test-dockerhub-config
=== CONT  TestListProjectsWithOneDeletedWhileIterating
--- PASS: TestListProjectsWithOneDeletedWhileIterating (0.00s)
=== CONT  TestListRuleTypes
=== RUN   TestListRuleTypes/success_with_rule_types
=== PAUSE TestListRuleTypes/success_with_rule_types
=== RUN   TestListRuleTypes/success_with_no_rule_types
=== PAUSE TestListRuleTypes/success_with_no_rule_types
=== RUN   TestListRuleTypes/error_in_entity_context
=== PAUSE TestListRuleTypes/error_in_entity_context
=== RUN   TestListRuleTypes/failed_to_get_rule_types
=== PAUSE TestListRuleTypes/failed_to_get_rule_types
=== CONT  TestCheckHealth
--- PASS: TestCheckHealth (0.00s)
=== CONT  TestDeleteRuleType
=== RUN   TestDeleteRuleType/delete_by_id
=== PAUSE TestDeleteRuleType/delete_by_id
=== RUN   TestDeleteRuleType/delete_by_name
=== PAUSE TestDeleteRuleType/delete_by_name
=== RUN   TestDeleteRuleType/no_delete_subscription
=== PAUSE TestDeleteRuleType/no_delete_subscription
=== RUN   TestDeleteRuleType/used_by_profile
=== PAUSE TestDeleteRuleType/used_by_profile
=== CONT  TestGetAlertURLFromMetadata
=== RUN   TestGetAlertURLFromMetadata/normal
=== PAUSE TestGetAlertURLFromMetadata/normal
=== RUN   TestGetAlertURLFromMetadata/no-repo
=== PAUSE TestGetAlertURLFromMetadata/no-repo
=== RUN   TestGetAlertURLFromMetadata/bad-json
=== PAUSE TestGetAlertURLFromMetadata/bad-json
=== RUN   TestGetAlertURLFromMetadata/no-advisory
=== PAUSE TestGetAlertURLFromMetadata/no-advisory
=== RUN   TestGetAlertURLFromMetadata/invalid-slug
=== PAUSE TestGetAlertURLFromMetadata/invalid-slug
=== CONT  TestGetProfileById
--- PASS: TestHandleRequestTooLarge (0.10s)
=== CONT  TestGetProfileByName
=== NAME  TestDeleteProfile
    handlers_profile_test.go:1331: 
        	Error Trace:	/Users/krrishbiswas/Desktop/LFX/minder/internal/controlplane/handlers_profile_test.go:1276
        	            				/Users/krrishbiswas/Desktop/LFX/minder/internal/controlplane/handlers_profile_test.go:1331
        	Error:      	Received unexpected error:
        	            	unable to start postgres: unable to start postgres: unable to init database using '/var/folders/gc/fw85bzms2bn583tb98_nbxp40000gn/T/minder-db-test372515787/bin/initdb -A password -U postgres -D /var/folders/gc/fw85bzms2bn583tb98_nbxp40000gn/T/minder-db-test372515787/data --pwfile=/var/folders/gc/fw85bzms2bn583tb98_nbxp40000gn/T/minder-db-test372515787/pwfile': exit status 1
        	            	The files belonging to this database system will be owned by user "krrishbiswas".
        	            	This user must also own the server process.
        	            	
        	            	The database cluster will be initialized with locale "C.UTF-8".
        	            	The default database encoding has accordingly been set to "UTF8".
        	            	The default text search configuration will be set to "english".
        	            	
        	            	Data page checksums are enabled.
        	            	
        	            	creating directory /var/folders/gc/fw85bzms2bn583tb98_nbxp40000gn/T/minder-db-test372515787/data ... ok
        	            	creating subdirectories ... ok
        	            	selecting dynamic shared memory implementation ... posix
        	            	selecting default "max_connections" ... 20
        	            	selecting default "shared_buffers" ... 400kB
        	            	selecting default time zone ... Asia/Kolkata
        	            	creating configuration files ... ok
        	            	running bootstrap script ... 2026-04-04 11:18:29.632 IST [56358] FATAL:  could not create shared memory segment: No space left on device
        	            	2026-04-04 11:18:29.632 IST [56358] DETAIL:  Failed system call was shmget(key=56187753, size=56, 03600).
        	            	2026-04-04 11:18:29.632 IST [56358] HINT:  This error does *not* mean that you have run out of disk space.  It occurs either if all available shared memory IDs have been taken, in which case you need to raise the SHMMNI parameter in your kernel, or because the system's overall limit for shared memory has been reached.
        	            		The PostgreSQL documentation contains more information about shared memory configuration.
        	            	child process exited with exit code 1
        	            	initdb: removing data directory "/var/folders/gc/fw85bzms2bn583tb98_nbxp40000gn/T/minder-db-test372515787/data"
        	Test:       	TestDeleteProfile
        	Messages:   	Error creating fake store
--- FAIL: TestDeleteProfile (7.18s)
=== CONT  TestListProfiles
=== NAME  TestGetProfileStatusById
    handlers_profile_test.go:1213: 
        	Error Trace:	/Users/krrishbiswas/Desktop/LFX/minder/internal/controlplane/handlers_profile_test.go:1213
        	Error:      	Received unexpected error:
        	            	unable to start postgres: unable to start postgres: unable to init database using '/var/folders/gc/fw85bzms2bn583tb98_nbxp40000gn/T/minder-db-test2901256/bin/initdb -A password -U postgres -D /var/folders/gc/fw85bzms2bn583tb98_nbxp40000gn/T/minder-db-test2901256/data --pwfile=/var/folders/gc/fw85bzms2bn583tb98_nbxp40000gn/T/minder-db-test2901256/pwfile': exit status 1
        	            	The files belonging to this database system will be owned by user "krrishbiswas".
        	            	This user must also own the server process.
        	            	
        	            	The database cluster will be initialized with locale "C.UTF-8".
        	            	The default database encoding has accordingly been set to "UTF8".
        	            	The default text search configuration will be set to "english".
        	            	
        	            	Data page checksums are enabled.
        	            	
        	            	creating directory /var/folders/gc/fw85bzms2bn583tb98_nbxp40000gn/T/minder-db-test2901256/data ... ok
        	            	creating subdirectories ... ok
        	            	selecting dynamic shared memory implementation ... posix
        	            	selecting default "max_connections" ... 20
        	            	selecting default "shared_buffers" ... 400kB
        	            	selecting default time zone ... Asia/Kolkata
        	            	creating configuration files ... ok
        	            	running bootstrap script ... 2026-04-04 11:18:35.537 IST [56434] FATAL:  could not create shared memory segment: No space left on device
        	            	2026-04-04 11:18:35.537 IST [56434] DETAIL:  Failed system call was shmget(key=56188917, size=56, 03600).
        	            	2026-04-04 11:18:35.537 IST [56434] HINT:  This error does *not* mean that you have run out of disk space.  It occurs either if all available shared memory IDs have been taken, in which case you need to raise the SHMMNI parameter in your kernel, or because the system's overall limit for shared memory has been reached.
        	            		The PostgreSQL documentation contains more information about shared memory configuration.
        	            	child process exited with exit code 1
        	            	initdb: removing data directory "/var/folders/gc/fw85bzms2bn583tb98_nbxp40000gn/T/minder-db-test2901256/data"
        	Test:       	TestGetProfileStatusById
        	Messages:   	Error creating fake store
--- FAIL: TestGetProfileStatusById (13.05s)
=== CONT  TestDeleteProviderByID
--- PASS: TestDeleteProviderByID (0.00s)
=== CONT  TestCreateRuleType
=== RUN   TestCreateRuleType/happy_path
=== PAUSE TestCreateRuleType/happy_path
=== RUN   TestCreateRuleType/guidance_sanitize_error
=== PAUSE TestCreateRuleType/guidance_sanitize_error
=== RUN   TestCreateRuleType/guidance_not_utf-8
=== PAUSE TestCreateRuleType/guidance_not_utf-8
=== RUN   TestCreateRuleType/guidance_too_long
=== PAUSE TestCreateRuleType/guidance_too_long
=== CONT  TestCreateDataSource
=== RUN   TestCreateDataSource/happy_path
=== PAUSE TestCreateDataSource/happy_path
=== RUN   TestCreateDataSource/missing_data_source
=== PAUSE TestCreateDataSource/missing_data_source
=== CONT  TestServer_ReconcileEntityRegistration
=== RUN   TestServer_ReconcileEntityRegistration/[positive]_successful_reconciliation
=== PAUSE TestServer_ReconcileEntityRegistration/[positive]_successful_reconciliation
=== RUN   TestServer_ReconcileEntityRegistration/[negative]_failed_to_list_repositories
=== PAUSE TestServer_ReconcileEntityRegistration/[negative]_failed_to_list_repositories
=== RUN   TestServer_ReconcileEntityRegistration/[negative]_unexpected_entity_type
=== PAUSE TestServer_ReconcileEntityRegistration/[negative]_unexpected_entity_type
=== CONT  TestUpdateDataSource/happy_path
=== CONT  TestUpdateDataSource/missing_data_source
--- PASS: TestUpdateDataSource (0.00s)
    --- PASS: TestUpdateDataSource/happy_path (0.00s)
    --- PASS: TestUpdateDataSource/missing_data_source (0.00s)
=== CONT  TestDeleteDataSourceById/happy_path
=== CONT  TestDeleteDataSourceById/invalid_data_source_ID_format
=== CONT  TestDeleteDataSourceById/missing_data_source_ID
=== CONT  TestGetRemediationURLFromMetadata/normal
--- PASS: TestDeleteDataSourceById (0.00s)
    --- PASS: TestDeleteDataSourceById/happy_path (0.00s)
    --- PASS: TestDeleteDataSourceById/invalid_data_source_ID_format (0.00s)
    --- PASS: TestDeleteDataSourceById/missing_data_source_ID (0.00s)
=== CONT  TestGetRemediationURLFromMetadata/no-slug-no-pr
=== CONT  TestGetRemediationURLFromMetadata/invalid-json
=== CONT  TestGetRemediationURLFromMetadata/no-slug
=== CONT  TestGetRemediationURLFromMetadata/invalid-slug
=== CONT  TestGetRemediationURLFromMetadata/no-pr
--- PASS: TestGetRemediationURLFromMetadata (0.00s)
    --- PASS: TestGetRemediationURLFromMetadata/normal (0.00s)
    --- PASS: TestGetRemediationURLFromMetadata/no-slug-no-pr (0.00s)
    --- PASS: TestGetRemediationURLFromMetadata/invalid-json (0.00s)
    --- PASS: TestGetRemediationURLFromMetadata/no-slug (0.00s)
    --- PASS: TestGetRemediationURLFromMetadata/invalid-slug (0.00s)
    --- PASS: TestGetRemediationURLFromMetadata/no-pr (0.00s)
=== CONT  TestListDataSources/happy_path
--- PASS: TestListDataSources (0.00s)
    --- PASS: TestListDataSources/happy_path (0.00s)
=== CONT  TestDeleteDataSourceByName/happy_path
=== CONT  TestDeleteDataSourceByName/invalid_data_source_ID_format
=== CONT  TestDeleteDataSourceByName/missing_data_source_name
--- PASS: TestDeleteDataSourceByName (0.00s)
    --- PASS: TestDeleteDataSourceByName/happy_path (0.00s)
    --- PASS: TestDeleteDataSourceByName/invalid_data_source_ID_format (0.00s)
    --- PASS: TestDeleteDataSourceByName/missing_data_source_name (0.00s)
=== CONT  TestGetDataSourceByName/happy_path
=== CONT  TestGetDataSourceByName/missing_data_source_name
--- PASS: TestGetDataSourceByName (0.00s)
    --- PASS: TestGetDataSourceByName/happy_path (0.00s)
    --- PASS: TestGetDataSourceByName/missing_data_source_name (0.00s)
=== CONT  TestGetDataSourceById/happy_path
=== CONT  TestGetDataSourceById/invalid_data_source_ID_format
=== CONT  TestGetDataSourceById/missing_data_source_ID
--- PASS: TestGetDataSourceById (0.00s)
    --- PASS: TestGetDataSourceById/happy_path (0.00s)
    --- PASS: TestGetDataSourceById/invalid_data_source_ID_format (0.00s)
    --- PASS: TestGetDataSourceById/missing_data_source_ID (0.00s)
=== CONT  TestUpdateRuleType/happy_path
=== CONT  TestUpdateRuleType/guidance_not_utf-8
=== CONT  TestUpdateRuleType/guidance_too_long
=== CONT  TestUpdateRuleType/guidance_sanitize_error
--- PASS: TestUpdateRuleType (0.00s)
    --- PASS: TestUpdateRuleType/happy_path (0.00s)
    --- PASS: TestUpdateRuleType/guidance_not_utf-8 (0.00s)
    --- PASS: TestUpdateRuleType/guidance_too_long (0.00s)
    --- PASS: TestUpdateRuleType/guidance_sanitize_error (0.00s)
=== CONT  TestResolveInvitation/code_not_found
=== CONT  TestResolveInvitation/Success_decline
=== CONT  TestResolveInvitation/Can't_accept_for_current_role
=== CONT  TestResolveInvitation/Update_role_if_accepting_existing_invite
=== CONT  TestResolveInvitation/Success_create_user
=== CONT  TestResolveInvitation/Success_accept
=== CONT  TestResolveInvitation/user_self_resolving
=== CONT  TestResolveInvitation/expired_invitation
--- PASS: TestResolveInvitation (0.00s)
    --- PASS: TestResolveInvitation/code_not_found (0.00s)
    --- PASS: TestResolveInvitation/Success_decline (0.00s)
    --- PASS: TestResolveInvitation/Can't_accept_for_current_role (0.00s)
    --- PASS: TestResolveInvitation/Update_role_if_accepting_existing_invite (0.00s)
    --- PASS: TestResolveInvitation/Success_create_user (0.00s)
    --- PASS: TestResolveInvitation/Success_accept (0.00s)
    --- PASS: TestResolveInvitation/user_self_resolving (0.00s)
    --- PASS: TestResolveInvitation/expired_invitation (0.00s)
=== CONT  TestRoleManagement/email_invitation_adds
=== CONT  TestRemoveRole/error_with_no_subject_or_email
=== CONT  TestRoleManagement/machine_account_with_invitations
=== CONT  TestRoleManagement/human_subject_adds_rejected
=== CONT  TestRoleManagement/email_invitation_add_and_remove
--- PASS: TestRoleManagement (0.00s)
    --- PASS: TestRoleManagement/email_invitation_adds (0.02s)
    --- PASS: TestRoleManagement/machine_account_with_invitations (0.01s)
    --- PASS: TestRoleManagement/human_subject_adds_rejected (0.02s)
    --- PASS: TestRoleManagement/email_invitation_add_and_remove (0.07s)
=== CONT  TestRemoveRole/no_invite_present_produces_error
=== CONT  TestRemoveRole/request_with_subject_deletes_role_assignment
=== CONT  TestRemoveRole/request_with_email_deletes_invite
--- PASS: TestRemoveRole (0.00s)
    --- PASS: TestRemoveRole/error_with_no_subject_or_email (0.00s)
    --- PASS: TestRemoveRole/no_invite_present_produces_error (0.00s)
    --- PASS: TestRemoveRole/request_with_subject_deletes_role_assignment (0.00s)
    --- PASS: TestRemoveRole/request_with_email_deletes_invite (0.00s)
=== CONT  TestAssignRole/error_with_no_subject_or_email
=== CONT  TestAssignRole/grant_permission_to_GitHub_Action
=== CONT  TestAssignRole/request_with_human_subject_returns_error
=== CONT  TestAssignRole/request_with_email_creates_invite
=== CONT  TestAssignRole/error_when_project_ID_is_not_found
=== CONT  TestAssignRole/error_when_self_enroll
--- PASS: TestAssignRole (0.00s)
    --- PASS: TestAssignRole/error_with_no_subject_or_email (0.00s)
    --- PASS: TestAssignRole/grant_permission_to_GitHub_Action (0.00s)
    --- PASS: TestAssignRole/request_with_human_subject_returns_error (0.00s)
    --- PASS: TestAssignRole/request_with_email_creates_invite (0.00s)
    --- PASS: TestAssignRole/error_when_project_ID_is_not_found (0.00s)
    --- PASS: TestAssignRole/error_when_self_enroll (0.00s)
=== CONT  Test_NewOAuthConfig/github_cli
=== CONT  Test_NewOAuthConfig/dockerhub_fails_as_expected
=== CONT  Test_NewOAuthConfig/github_app_web
=== CONT  Test_NewOAuthConfig/github_app_cli
=== CONT  Test_NewOAuthConfig/github_web
--- PASS: Test_NewOAuthConfig (0.00s)
    --- PASS: Test_NewOAuthConfig/github_cli (0.00s)
    --- PASS: Test_NewOAuthConfig/dockerhub_fails_as_expected (0.00s)
    --- PASS: Test_NewOAuthConfig/github_app_web (0.00s)
    --- PASS: Test_NewOAuthConfig/github_app_cli (0.00s)
    --- PASS: Test_NewOAuthConfig/github_web (0.00s)
=== CONT  TestUpdateRole/error_when_self_update
=== CONT  TestUpdateRole/request_with_subject_updates_role_assignment
=== CONT  TestUpdateRole/request_with_email_updates_invite
=== CONT  TestUpdateRole/error_with_no_subject_or_email
--- PASS: TestUpdateRole (0.00s)
    --- PASS: TestUpdateRole/error_when_self_update (0.00s)
    --- PASS: TestUpdateRole/request_with_subject_updates_role_assignment (0.00s)
    --- PASS: TestUpdateRole/request_with_email_updates_invite (0.00s)
    --- PASS: TestUpdateRole/error_with_no_subject_or_email (0.00s)
=== CONT  TestVerifyProviderCredential/Failure_due_to_error
=== CONT  TestVerifyProviderCredential/No_credential
=== CONT  TestVerifyProviderCredential/Success_with_installation_ID
=== CONT  TestVerifyProviderCredential/Success_with_access_token
=== CONT  TestHandleGitHubAppCallback/Success_with_state
--- PASS: TestVerifyProviderCredential (0.00s)
    --- PASS: TestVerifyProviderCredential/Failure_due_to_error (0.00s)
    --- PASS: TestVerifyProviderCredential/No_credential (0.00s)
    --- PASS: TestVerifyProviderCredential/Success_with_installation_ID (0.00s)
    --- PASS: TestVerifyProviderCredential/Success_with_access_token (0.00s)
=== CONT  TestHandleGitHubAppCallback/Wrong_remote_userid
=== CONT  TestHandleGitHubAppCallback/Request_to_install
=== CONT  TestHandleGitHubAppCallback/Invalid_config
=== CONT  TestHandleGitHubAppCallback/Invalid_installation_ID
=== CONT  TestHandleGitHubAppCallback/Success_no_provider
--- PASS: TestHandleGitHubAppCallback (0.00s)
    --- PASS: TestHandleGitHubAppCallback/Success_with_state (0.00s)
    --- PASS: TestHandleGitHubAppCallback/Wrong_remote_userid (0.00s)
    --- PASS: TestHandleGitHubAppCallback/Request_to_install (0.00s)
    --- PASS: TestHandleGitHubAppCallback/Invalid_config (0.00s)
    --- PASS: TestHandleGitHubAppCallback/Invalid_installation_ID (0.00s)
    --- PASS: TestHandleGitHubAppCallback/Success_no_provider (0.00s)
=== CONT  TestProviderCallback/Invalid_ownerfilter_returns_useful_error
    handlers_oauth_test.go:732: Request: ?code=0xefbeadde&state=D_________9JbnZhbGlkIG93bmVyZmlsdGVyIHJldHVybnMgdXNlZnVsIGVycm9y
    handlers_oauth_test.go:736: Response: 403
    handlers_oauth_test.go:741: Body: You do not have access to the organization TestOwner, specified in the owner filter. Please ensure that you are a member of the GitHub organization and try again.
=== CONT  TestProviderCallback/Success
    handlers_oauth_test.go:732: Request: ?code=0xefbeadde&state=D_________9TdWNjZXNz
    handlers_oauth_test.go:736: Response: 307
    handlers_oauth_test.go:741: Body: 
=== CONT  TestProviderCallback/Wrong_remote_userid
    handlers_oauth_test.go:732: Request: ?code=0xefbeadde&state=D_________9Xcm9uZyByZW1vdGUgdXNlcmlk
    handlers_oauth_test.go:736: Response: 403
    handlers_oauth_test.go:741: Body: The provided login token was associated with a different user.
=== CONT  TestProviderCallback/Success_with_remote_user
    handlers_oauth_test.go:732: Request: ?code=0xefbeadde&state=D_________9TdWNjZXNzIHdpdGggcmVtb3RlIHVzZXI
    handlers_oauth_test.go:736: Response: 307
    handlers_oauth_test.go:741: Body: 
=== CONT  TestProviderCallback/No_existing_provider
    handlers_oauth_test.go:732: Request: ?code=0xefbeadde&state=D_________9ObyBleGlzdGluZyBwcm92aWRlcg
    handlers_oauth_test.go:736: Response: 307
    handlers_oauth_test.go:741: Body: 
=== CONT  TestProviderCallback/Other_failures_during_ownerfilter_returns_generic_error
    handlers_oauth_test.go:732: Request: ?code=0xefbeadde&state=D_________9PdGhlciBmYWlsdXJlcyBkdXJpbmcgb3duZXJmaWx0ZXIgcmV0dXJucyBnZW5lcmljIGVycm9y
{"level":"debug","time":"2026-04-04T11:18:35+05:30","message":"error handling provider callback: error checking organization membership: failed to validate org membership"}
    handlers_oauth_test.go:736: Response: 500
    handlers_oauth_test.go:741: Body: 
=== CONT  TestProviderCallback/Config_does_not_validate
    handlers_oauth_test.go:732: Request: ?code=0xefbeadde&state=D_________9Db25maWcgZG9lcyBub3QgdmFsaWRhdGU
    handlers_oauth_test.go:736: Response: 400
    handlers_oauth_test.go:741: Body: The provider configuration is invalid: unexpected end of JSON input
=== CONT  TestGetAuthorizationURL/Success_OAuth
--- PASS: TestProviderCallback (0.03s)
    --- PASS: TestProviderCallback/Invalid_ownerfilter_returns_useful_error (0.00s)
    --- PASS: TestProviderCallback/Success (0.00s)
    --- PASS: TestProviderCallback/Wrong_remote_userid (0.00s)
    --- PASS: TestProviderCallback/Success_with_remote_user (0.00s)
    --- PASS: TestProviderCallback/No_existing_provider (0.00s)
    --- PASS: TestProviderCallback/Other_failures_during_ownerfilter_returns_generic_error (0.00s)
    --- PASS: TestProviderCallback/Config_does_not_validate (0.00s)
=== CONT  TestGetAuthorizationURL/Bad_redirect_URL
=== CONT  TestGetAuthorizationURL/No_GitHub_id
=== CONT  TestGetAuthorizationURL/Unsupported_auth_flow
=== CONT  TestGetAuthorizationURL/Success_GitHub_App
--- PASS: TestGetAuthorizationURL (0.00s)
    --- PASS: TestGetAuthorizationURL/Success_OAuth (0.00s)
    --- PASS: TestGetAuthorizationURL/Bad_redirect_URL (0.00s)
    --- PASS: TestGetAuthorizationURL/No_GitHub_id (0.00s)
    --- PASS: TestGetAuthorizationURL/Unsupported_auth_flow (0.00s)
    --- PASS: TestGetAuthorizationURL/Success_GitHub_App (0.00s)
=== CONT  TestServer_ListRepositories/List_repositories_succeeds_with_multiple_results
=== CONT  TestServer_ListRepositories/List_repositories_succeeds_with_empty_results
=== CONT  TestServer_ListRepositories/List_repositories_fails_when_repo_service_returns_error
=== CONT  TestServer_ListRepositories/List_repositories_fails_when_provider_cannot_be_found
--- PASS: TestServer_ListRepositories (0.00s)
    --- PASS: TestServer_ListRepositories/List_repositories_succeeds_with_multiple_results (0.00s)
    --- PASS: TestServer_ListRepositories/List_repositories_succeeds_with_empty_results (0.00s)
    --- PASS: TestServer_ListRepositories/List_repositories_fails_when_repo_service_returns_error (0.00s)
    --- PASS: TestServer_ListRepositories/List_repositories_fails_when_provider_cannot_be_found (0.00s)
=== CONT  TestServer_DeleteRepository/delete_by_name_fails_when_name_is_malformed
=== CONT  TestServer_DeleteRepository/deletion_fails_when_repo_is_not_found
=== CONT  TestServer_DeleteRepository/delete_by_ID_succeeds
=== CONT  TestServer_DeleteRepository/delete_by_name_succeeds
=== CONT  TestServer_DeleteRepository/delete_by_ID_fails_when_repo_is_not_found
=== CONT  TestServer_DeleteRepository/deletion_fails_when_repo_service_returns_error
=== CONT  TestServer_DeleteRepository/delete_by_ID_fails_when_repo_service_returns_error
=== CONT  TestServer_DeleteRepository/delete_by_ID_fails_when_ID_is_malformed
--- PASS: TestServer_DeleteRepository (0.00s)
    --- PASS: TestServer_DeleteRepository/delete_by_name_fails_when_name_is_malformed (0.00s)
    --- PASS: TestServer_DeleteRepository/deletion_fails_when_repo_is_not_found (0.00s)
    --- PASS: TestServer_DeleteRepository/delete_by_ID_succeeds (0.00s)
    --- PASS: TestServer_DeleteRepository/delete_by_name_succeeds (0.00s)
    --- PASS: TestServer_DeleteRepository/delete_by_ID_fails_when_repo_is_not_found (0.00s)
    --- PASS: TestServer_DeleteRepository/deletion_fails_when_repo_service_returns_error (0.00s)
    --- PASS: TestServer_DeleteRepository/delete_by_ID_fails_when_repo_service_returns_error (0.00s)
    --- PASS: TestServer_DeleteRepository/delete_by_ID_fails_when_ID_is_malformed (0.00s)
=== CONT  TestServer_ListRemoteRepositoriesFromProvider/List_remote_repositories_fails_when_all_providers_error
=== CONT  TestServer_ListRemoteRepositoriesFromProvider/List_remote_repositories_fails_when_db_fails
=== CONT  TestServer_ListRemoteRepositoriesFromProvider/List_remote_repositories_succeeds_when_all_providers_succeed
=== CONT  TestServer_CreateRepositoryReconciliationTask/reconciliation_task_created
--- PASS: TestServer_ListRemoteRepositoriesFromProvider (0.00s)
    --- PASS: TestServer_ListRemoteRepositoriesFromProvider/List_remote_repositories_fails_when_all_providers_error (0.00s)
    --- PASS: TestServer_ListRemoteRepositoriesFromProvider/List_remote_repositories_fails_when_db_fails (0.00s)
    --- PASS: TestServer_ListRemoteRepositoriesFromProvider/List_remote_repositories_succeeds_when_all_providers_succeed (0.00s)
=== CONT  TestServer_CreateRepositoryReconciliationTask/sql_conn_done
=== CONT  TestServer_CreateRepositoryReconciliationTask/nil_entity
=== CONT  TestServer_CreateRepositoryReconciliationTask/invalid_entity_type
=== CONT  TestServer_CreateRepositoryReconciliationTask/invalid_repo_id
=== CONT  TestServer_CreateRepositoryReconciliationTask/invalid_entity_context
=== CONT  TestServer_CreateRepositoryReconciliationTask/repository_not_found
=== CONT  TestServer_CreateRepositoryReconciliationTask/no_provider_succeeds
=== CONT  TestServer_CreateRepositoryReconciliationTask/create_reconciliation_by_name
--- PASS: TestServer_CreateRepositoryReconciliationTask (0.00s)
    --- PASS: TestServer_CreateRepositoryReconciliationTask/reconciliation_task_created (0.00s)
    --- PASS: TestServer_CreateRepositoryReconciliationTask/sql_conn_done (0.00s)
    --- PASS: TestServer_CreateRepositoryReconciliationTask/nil_entity (0.00s)
    --- PASS: TestServer_CreateRepositoryReconciliationTask/invalid_entity_type (0.00s)
    --- PASS: TestServer_CreateRepositoryReconciliationTask/invalid_repo_id (0.00s)
    --- PASS: TestServer_CreateRepositoryReconciliationTask/invalid_entity_context (0.00s)
    --- PASS: TestServer_CreateRepositoryReconciliationTask/repository_not_found (0.00s)
    --- PASS: TestServer_CreateRepositoryReconciliationTask/no_provider_succeeds (0.00s)
    --- PASS: TestServer_CreateRepositoryReconciliationTask/create_reconciliation_by_name (0.00s)
=== CONT  TestEntityContextProjectInterceptor/not_implementing_proto_context_throws_error
=== CONT  TestEntityContextProjectInterceptor/empty_context
=== CONT  TestEntityContextProjectInterceptor/with_ContextV2
=== CONT  TestEntityContextProjectInterceptor/lookup_by_name
=== CONT  TestEntityContextProjectInterceptor/sets_entity_context
=== CONT  TestEntityContextProjectInterceptor/no_provider
=== CONT  TestEntityContextProjectInterceptor/invalid_request_with_nil_context_and_multiple_projects
=== CONT  TestEntityContextProjectInterceptor/malformed_project_ID
=== CONT  TestEntityContextProjectInterceptor/non_project_owner_bypasses_interceptor
=== CONT  TestEntityContextProjectInterceptor/target_resource_unspecified_throws_error
--- PASS: TestEntityContextProjectInterceptor (0.00s)
    --- PASS: TestEntityContextProjectInterceptor/not_implementing_proto_context_throws_error (0.00s)
    --- PASS: TestEntityContextProjectInterceptor/empty_context (0.00s)
    --- PASS: TestEntityContextProjectInterceptor/with_ContextV2 (0.00s)
    --- PASS: TestEntityContextProjectInterceptor/lookup_by_name (0.00s)
    --- PASS: TestEntityContextProjectInterceptor/sets_entity_context (0.00s)
    --- PASS: TestEntityContextProjectInterceptor/no_provider (0.00s)
    --- PASS: TestEntityContextProjectInterceptor/invalid_request_with_nil_context_and_multiple_projects (0.00s)
    --- PASS: TestEntityContextProjectInterceptor/malformed_project_ID (0.00s)
    --- PASS: TestEntityContextProjectInterceptor/non_project_owner_bypasses_interceptor (0.00s)
    --- PASS: TestEntityContextProjectInterceptor/target_resource_unspecified_throws_error (0.00s)
=== CONT  TestProjectAuthorizationInterceptor/anonymous_bypasses_interceptor
=== CONT  TestProjectAuthorizationInterceptor/authorized_on_project
=== CONT  TestProjectAuthorizationInterceptor/admin_delete
=== CONT  TestProjectAuthorizationInterceptor/admin_create
=== CONT  TestProjectAuthorizationInterceptor/not_authorized_on_project_error
=== CONT  TestProjectAuthorizationInterceptor/non_project_owner_bypasses_interceptor
--- PASS: TestProjectAuthorizationInterceptor (0.00s)
    --- PASS: TestProjectAuthorizationInterceptor/anonymous_bypasses_interceptor (0.00s)
    --- PASS: TestProjectAuthorizationInterceptor/authorized_on_project (0.00s)
    --- PASS: TestProjectAuthorizationInterceptor/admin_delete (0.00s)
    --- PASS: TestProjectAuthorizationInterceptor/admin_create (0.00s)
    --- PASS: TestProjectAuthorizationInterceptor/not_authorized_on_project_error (0.00s)
    --- PASS: TestProjectAuthorizationInterceptor/non_project_owner_bypasses_interceptor (0.00s)
=== CONT  TestCreateUser_gRPC/Success
=== CONT  TestCreateUser_gRPC/Success_with_two_pending_Apps
=== CONT  TestCreateUser_gRPC/Success_with_pending_App
--- PASS: TestCreateUser_gRPC (0.00s)
    --- PASS: TestCreateUser_gRPC/Success (0.00s)
    --- PASS: TestCreateUser_gRPC/Success_with_two_pending_Apps (0.00s)
    --- PASS: TestCreateUser_gRPC/Success_with_pending_App (0.00s)
=== CONT  TestListInvitations/Main_user
=== CONT  TestListInvitations/No_invitations
=== CONT  TestListInvitations/Other_user
=== CONT  TestDeleteUser_gRPC/Success
--- PASS: TestListInvitations (0.00s)
    --- PASS: TestListInvitations/Main_user (0.00s)
    --- PASS: TestListInvitations/No_invitations (0.00s)
    --- PASS: TestListInvitations/Other_user (0.00s)
--- PASS: TestDeleteUser_gRPC (0.00s)
    --- PASS: TestDeleteUser_gRPC/Success (0.00s)
=== CONT  TestDBEntityToEntity/pull_request
=== CONT  TestDBEntityToEntity/pipeline_run
=== CONT  TestDBEntityToEntity/default
=== CONT  TestDBEntityToEntity/build
=== CONT  TestDBEntityToEntity/task_run
=== CONT  TestDBEntityToEntity/build_environments
=== CONT  TestDBEntityToEntity/release
=== CONT  TestDBEntityToEntity/repository
=== CONT  TestDBEntityToEntity/artifact
--- PASS: TestDBEntityToEntity (0.00s)
    --- PASS: TestDBEntityToEntity/pull_request (0.00s)
    --- PASS: TestDBEntityToEntity/pipeline_run (0.00s)
    --- PASS: TestDBEntityToEntity/default (0.00s)
    --- PASS: TestDBEntityToEntity/build (0.00s)
    --- PASS: TestDBEntityToEntity/task_run (0.00s)
    --- PASS: TestDBEntityToEntity/build_environments (0.00s)
    --- PASS: TestDBEntityToEntity/release (0.00s)
    --- PASS: TestDBEntityToEntity/repository (0.00s)
    --- PASS: TestDBEntityToEntity/artifact (0.00s)
=== CONT  TestGetInviteDetails/missing_code
=== CONT  TestGetInviteDetails/success
=== CONT  TestGetInviteDetails/invitation_not_found
--- PASS: TestGetInviteDetails (0.00s)
    --- PASS: TestGetInviteDetails/missing_code (0.00s)
    --- PASS: TestGetInviteDetails/success (0.00s)
    --- PASS: TestGetInviteDetails/invitation_not_found (0.00s)
=== CONT  TestFromEvaluationHistoryRows/empty
=== CONT  TestFromEvaluationHistoryRows/optional_alert
=== CONT  TestFromEvaluationHistoryRows/optional_remediation
=== CONT  TestFromEvaluationHistoryRows/happy_path
=== CONT  TestFromEvaluationHistoryRows/order_preserved
--- PASS: TestFromEvaluationHistoryRows (0.00s)
    --- PASS: TestFromEvaluationHistoryRows/empty (0.00s)
    --- PASS: TestFromEvaluationHistoryRows/optional_alert (0.00s)
    --- PASS: TestFromEvaluationHistoryRows/optional_remediation (0.00s)
    --- PASS: TestFromEvaluationHistoryRows/happy_path (0.00s)
    --- PASS: TestFromEvaluationHistoryRows/order_preserved (0.00s)
=== CONT  TestServer_RegisterRepository/Repo_creation_fails_when_provider_cannot_be_found
=== CONT  TestServer_RegisterRepository/Repo_creation_fails_repo_is_private,_and_private_repos_are_not_allowed
=== CONT  TestServer_RegisterRepository/Repo_creation_is_successful
=== CONT  TestServer_RegisterRepository/Repo_creation_on_unexpected_error
=== CONT  TestServer_RegisterRepository/Repo_creation_fails_repo_is_archived,_and_archived_repos_are_not_allowed
=== CONT  TestServer_RegisterRepository/Repo_creation_fails_when_repo_name_is_missing
=== CONT  TestServer_RegisterRepository/Repo_creation_fails_when_repo_does_not_exist_in_Github
--- PASS: TestServer_RegisterRepository (0.00s)
    --- PASS: TestServer_RegisterRepository/Repo_creation_fails_when_provider_cannot_be_found (0.00s)
    --- PASS: TestServer_RegisterRepository/Repo_creation_fails_repo_is_private,_and_private_repos_are_not_allowed (0.00s)
    --- PASS: TestServer_RegisterRepository/Repo_creation_is_successful (0.00s)
    --- PASS: TestServer_RegisterRepository/Repo_creation_on_unexpected_error (0.00s)
    --- PASS: TestServer_RegisterRepository/Repo_creation_fails_repo_is_archived,_and_archived_repos_are_not_allowed (0.00s)
    --- PASS: TestServer_RegisterRepository/Repo_creation_fails_when_repo_name_is_missing (0.00s)
    --- PASS: TestServer_RegisterRepository/Repo_creation_fails_when_repo_does_not_exist_in_Github (0.00s)
=== CONT  TestParseIdentifyingProperties/parses_valid_properties
=== CONT  TestParseIdentifyingProperties/rejects_property_key_that_is_too_long
=== CONT  TestParseIdentifyingProperties/rejects_properties_that_are_too_large
=== CONT  TestParseIdentifyingProperties/handles_empty_properties_map
=== CONT  TestParseIdentifyingProperties/fails_when_properties_is_nil
--- PASS: TestParseIdentifyingProperties (0.07s)
    --- PASS: TestParseIdentifyingProperties/parses_valid_properties (0.00s)
    --- PASS: TestParseIdentifyingProperties/rejects_property_key_that_is_too_long (0.00s)
    --- PASS: TestParseIdentifyingProperties/rejects_properties_that_are_too_large (0.00s)
    --- PASS: TestParseIdentifyingProperties/handles_empty_properties_map (0.00s)
    --- PASS: TestParseIdentifyingProperties/fails_when_properties_is_nil (0.00s)
=== CONT  TestBuildEvalResultAlertFromLRERow/normal
=== CONT  TestBuildEvalResultAlertFromLRERow/no-repo-owner
=== CONT  TestBuildEvalResultAlertFromLRERow/no-advisory
--- PASS: TestBuildEvalResultAlertFromLRERow (0.00s)
    --- PASS: TestBuildEvalResultAlertFromLRERow/normal (0.00s)
    --- PASS: TestBuildEvalResultAlertFromLRERow/no-repo-owner (0.00s)
    --- PASS: TestBuildEvalResultAlertFromLRERow/no-advisory (0.00s)
=== CONT  TestServer_RegisterEntity/successfully_registers_repository
=== CONT  TestServer_RegisterEntity/rejects_archived_repository
=== CONT  TestServer_RegisterEntity/handles_internal_errors_appropriately
=== CONT  TestServer_RegisterEntity/rejects_private_repository_when_forbidden
=== CONT  TestServer_RegisterEntity/fails_when_identifying_properties_is_nil
=== CONT  TestServer_RegisterEntity/fails_when_provider_not_found
=== CONT  TestServer_RegisterEntity/fails_when_entity_type_is_unspecified
--- PASS: TestServer_RegisterEntity (0.00s)
    --- PASS: TestServer_RegisterEntity/successfully_registers_repository (0.00s)
    --- PASS: TestServer_RegisterEntity/rejects_archived_repository (0.00s)
    --- PASS: TestServer_RegisterEntity/handles_internal_errors_appropriately (0.00s)
    --- PASS: TestServer_RegisterEntity/rejects_private_repository_when_forbidden (0.00s)
    --- PASS: TestServer_RegisterEntity/fails_when_identifying_properties_is_nil (0.00s)
    --- PASS: TestServer_RegisterEntity/fails_when_provider_not_found (0.00s)
    --- PASS: TestServer_RegisterEntity/fails_when_entity_type_is_unspecified (0.00s)
=== CONT  TestCreateProviderFailures/unknown-class
=== CONT  TestCreateProvider/test-github-defaults
=== CONT  TestCreateProviderFailures/github-app-does-not-validate
=== CONT  TestCreateProviderFailures/dockerhub-does-not-validate
=== CONT  TestCreateProviderFailures/provider-already-exists
=== CONT  TestCreateProviderFailures/error-no-provider-param
=== CONT  TestCreateProvider/test-github-app-config-newkey
--- PASS: TestCreateProviderFailures (0.00s)
    --- PASS: TestCreateProviderFailures/unknown-class (0.00s)
    --- PASS: TestCreateProviderFailures/github-app-does-not-validate (0.00s)
    --- PASS: TestCreateProviderFailures/dockerhub-does-not-validate (0.00s)
    --- PASS: TestCreateProviderFailures/provider-already-exists (0.00s)
    --- PASS: TestCreateProviderFailures/error-no-provider-param (0.00s)
=== CONT  TestCreateProvider/test-dockerhub-config
=== CONT  TestCreateProvider/test-github-app-config-oldkey
=== CONT  TestCreateProvider/test-github-app-defaults
=== CONT  TestCreateProvider/test-github-config
--- PASS: TestCreateProvider (0.00s)
    --- PASS: TestCreateProvider/test-github-defaults (0.00s)
    --- PASS: TestCreateProvider/test-github-app-config-newkey (0.00s)
    --- PASS: TestCreateProvider/test-dockerhub-config (0.00s)
    --- PASS: TestCreateProvider/test-github-app-config-oldkey (0.00s)
    --- PASS: TestCreateProvider/test-github-app-defaults (0.00s)
    --- PASS: TestCreateProvider/test-github-config (0.00s)
=== CONT  TestListRuleTypes/success_with_rule_types
=== CONT  TestDeleteRuleType/delete_by_id
=== CONT  TestListRuleTypes/success_with_no_rule_types
=== CONT  TestListRuleTypes/error_in_entity_context
=== CONT  TestListRuleTypes/failed_to_get_rule_types
--- PASS: TestListRuleTypes (0.00s)
    --- PASS: TestListRuleTypes/success_with_rule_types (0.00s)
    --- PASS: TestListRuleTypes/success_with_no_rule_types (0.00s)
    --- PASS: TestListRuleTypes/error_in_entity_context (0.00s)
    --- PASS: TestListRuleTypes/failed_to_get_rule_types (0.00s)
=== CONT  TestDeleteRuleType/no_delete_subscription
=== CONT  TestDeleteRuleType/used_by_profile
=== CONT  TestDeleteRuleType/delete_by_name
--- PASS: TestDeleteRuleType (0.00s)
    --- PASS: TestDeleteRuleType/delete_by_id (0.00s)
    --- PASS: TestDeleteRuleType/no_delete_subscription (0.00s)
    --- PASS: TestDeleteRuleType/used_by_profile (0.00s)
    --- PASS: TestDeleteRuleType/delete_by_name (0.00s)
=== CONT  TestGetAlertURLFromMetadata/normal
=== CONT  TestGetAlertURLFromMetadata/invalid-slug
=== CONT  TestGetAlertURLFromMetadata/no-advisory
=== CONT  TestGetAlertURLFromMetadata/bad-json
=== CONT  TestGetAlertURLFromMetadata/no-repo
--- PASS: TestGetAlertURLFromMetadata (0.00s)
    --- PASS: TestGetAlertURLFromMetadata/normal (0.00s)
    --- PASS: TestGetAlertURLFromMetadata/invalid-slug (0.00s)
    --- PASS: TestGetAlertURLFromMetadata/no-advisory (0.00s)
    --- PASS: TestGetAlertURLFromMetadata/bad-json (0.00s)
    --- PASS: TestGetAlertURLFromMetadata/no-repo (0.00s)
=== CONT  TestCreateRuleType/happy_path
=== CONT  TestCreateRuleType/guidance_not_utf-8
=== CONT  TestCreateRuleType/guidance_too_long
=== CONT  TestCreateRuleType/guidance_sanitize_error
--- PASS: TestCreateRuleType (0.00s)
    --- PASS: TestCreateRuleType/happy_path (0.00s)
    --- PASS: TestCreateRuleType/guidance_not_utf-8 (0.00s)
    --- PASS: TestCreateRuleType/guidance_too_long (0.00s)
    --- PASS: TestCreateRuleType/guidance_sanitize_error (0.00s)
=== CONT  TestCreateDataSource/happy_path
=== CONT  TestCreateDataSource/missing_data_source
--- PASS: TestCreateDataSource (0.00s)
    --- PASS: TestCreateDataSource/happy_path (0.00s)
    --- PASS: TestCreateDataSource/missing_data_source (0.00s)
=== CONT  TestServer_ReconcileEntityRegistration/[positive]_successful_reconciliation
=== CONT  TestServer_ReconcileEntityRegistration/[negative]_unexpected_entity_type
=== CONT  TestServer_ReconcileEntityRegistration/[negative]_failed_to_list_repositories
--- PASS: TestServer_ReconcileEntityRegistration (0.00s)
    --- PASS: TestServer_ReconcileEntityRegistration/[positive]_successful_reconciliation (0.00s)
    --- PASS: TestServer_ReconcileEntityRegistration/[negative]_unexpected_entity_type (0.00s)
    --- PASS: TestServer_ReconcileEntityRegistration/[negative]_failed_to_list_repositories (0.00s)
=== NAME  TestGetProfileStatusByName
    handlers_profile_test.go:1156: 
        	Error Trace:	/Users/krrishbiswas/Desktop/LFX/minder/internal/controlplane/handlers_profile_test.go:1156
        	Error:      	Received unexpected error:
        	            	unable to start postgres: unable to start postgres: unable to init database using '/var/folders/gc/fw85bzms2bn583tb98_nbxp40000gn/T/minder-db-test2218821318/bin/initdb -A password -U postgres -D /var/folders/gc/fw85bzms2bn583tb98_nbxp40000gn/T/minder-db-test2218821318/data --pwfile=/var/folders/gc/fw85bzms2bn583tb98_nbxp40000gn/T/minder-db-test2218821318/pwfile': exit status 1
        	            	The files belonging to this database system will be owned by user "krrishbiswas".
        	            	This user must also own the server process.
        	            	
        	            	The database cluster will be initialized with locale "C.UTF-8".
        	            	The default database encoding has accordingly been set to "UTF8".
        	            	The default text search configuration will be set to "english".
        	            	
        	            	Data page checksums are enabled.
        	            	
        	            	creating directory /var/folders/gc/fw85bzms2bn583tb98_nbxp40000gn/T/minder-db-test2218821318/data ... ok
        	            	creating subdirectories ... ok
        	            	selecting dynamic shared memory implementation ... posix
        	            	selecting default "max_connections" ... 20
        	            	selecting default "shared_buffers" ... 400kB
        	            	selecting default time zone ... Asia/Kolkata
        	            	creating configuration files ... ok
        	            	running bootstrap script ... 2026-04-04 11:18:41.006 IST [56510] FATAL:  could not create shared memory segment: No space left on device
        	            	2026-04-04 11:18:41.006 IST [56510] DETAIL:  Failed system call was shmget(key=56190226, size=56, 03600).
        	            	2026-04-04 11:18:41.006 IST [56510] HINT:  This error does *not* mean that you have run out of disk space.  It occurs either if all available shared memory IDs have been taken, in which case you need to raise the SHMMNI parameter in your kernel, or because the system's overall limit for shared memory has been reached.
        	            		The PostgreSQL documentation contains more information about shared memory configuration.
        	            	child process exited with exit code 1
        	            	initdb: removing data directory "/var/folders/gc/fw85bzms2bn583tb98_nbxp40000gn/T/minder-db-test2218821318/data"
        	Test:       	TestGetProfileStatusByName
        	Messages:   	Error creating fake store
--- FAIL: TestGetProfileStatusByName (18.52s)
=== NAME  TestPatchManagedProfile
    handlers_profile_test.go:1085: Error creating fake store: unable to start postgres: unable to start postgres: unable to init database using '/var/folders/gc/fw85bzms2bn583tb98_nbxp40000gn/T/minder-db-test3723123550/bin/initdb -A password -U postgres -D /var/folders/gc/fw85bzms2bn583tb98_nbxp40000gn/T/minder-db-test3723123550/data --pwfile=/var/folders/gc/fw85bzms2bn583tb98_nbxp40000gn/T/minder-db-test3723123550/pwfile': exit status 1
        The files belonging to this database system will be owned by user "krrishbiswas".
        This user must also own the server process.
        
        The database cluster will be initialized with locale "C.UTF-8".
        The default database encoding has accordingly been set to "UTF8".
        The default text search configuration will be set to "english".
        
        Data page checksums are enabled.
        
        creating directory /var/folders/gc/fw85bzms2bn583tb98_nbxp40000gn/T/minder-db-test3723123550/data ... ok
        creating subdirectories ... ok
        selecting dynamic shared memory implementation ... posix
        selecting default "max_connections" ... 20
        selecting default "shared_buffers" ... 400kB
        selecting default time zone ... Asia/Kolkata
        creating configuration files ... ok
        running bootstrap script ... 2026-04-04 11:18:48.444 IST [56601] FATAL:  could not create shared memory segment: No space left on device
        2026-04-04 11:18:48.444 IST [56601] DETAIL:  Failed system call was shmget(key=56191391, size=56, 03600).
        2026-04-04 11:18:48.444 IST [56601] HINT:  This error does *not* mean that you have run out of disk space.  It occurs either if all available shared memory IDs have been taken, in which case you need to raise the SHMMNI parameter in your kernel, or because the system's overall limit for shared memory has been reached.
        	The PostgreSQL documentation contains more information about shared memory configuration.
        child process exited with exit code 1
        initdb: removing data directory "/var/folders/gc/fw85bzms2bn583tb98_nbxp40000gn/T/minder-db-test3723123550/data"
--- FAIL: TestPatchManagedProfile (25.96s)
=== NAME  TestDeleteUserMultiProjectMembership
    identity_events_test.go:214: 
        	Error Trace:	/Users/krrishbiswas/Desktop/LFX/minder/internal/controlplane/identity_events_test.go:214
        	Error:      	Received unexpected error:
        	            	unable to start postgres: unable to start postgres: unable to init database using '/var/folders/gc/fw85bzms2bn583tb98_nbxp40000gn/T/minder-db-test2767142541/bin/initdb -A password -U postgres -D /var/folders/gc/fw85bzms2bn583tb98_nbxp40000gn/T/minder-db-test2767142541/data --pwfile=/var/folders/gc/fw85bzms2bn583tb98_nbxp40000gn/T/minder-db-test2767142541/pwfile': exit status 1
        	            	The files belonging to this database system will be owned by user "krrishbiswas".
        	            	This user must also own the server process.
        	            	
        	            	The database cluster will be initialized with locale "C.UTF-8".
        	            	The default database encoding has accordingly been set to "UTF8".
        	            	The default text search configuration will be set to "english".
        	            	
        	            	Data page checksums are enabled.
        	            	
        	            	creating directory /var/folders/gc/fw85bzms2bn583tb98_nbxp40000gn/T/minder-db-test2767142541/data ... ok
        	            	creating subdirectories ... ok
        	            	selecting dynamic shared memory implementation ... posix
        	            	selecting default "max_connections" ... 20
        	            	selecting default "shared_buffers" ... 400kB
        	            	selecting default time zone ... Asia/Kolkata
        	            	creating configuration files ... ok
        	            	running bootstrap script ... 2026-04-04 11:18:54.874 IST [56679] FATAL:  could not create shared memory segment: No space left on device
        	            	2026-04-04 11:18:54.874 IST [56679] DETAIL:  Failed system call was shmget(key=56192549, size=56, 03600).
        	            	2026-04-04 11:18:54.874 IST [56679] HINT:  This error does *not* mean that you have run out of disk space.  It occurs either if all available shared memory IDs have been taken, in which case you need to raise the SHMMNI parameter in your kernel, or because the system's overall limit for shared memory has been reached.
        	            		The PostgreSQL documentation contains more information about shared memory configuration.
        	            	child process exited with exit code 1
        	            	initdb: removing data directory "/var/folders/gc/fw85bzms2bn583tb98_nbxp40000gn/T/minder-db-test2767142541/data"
        	Test:       	TestDeleteUserMultiProjectMembership
--- FAIL: TestDeleteUserMultiProjectMembership (32.34s)
=== NAME  TestDeleteUserOneProject
    identity_events_test.go:154: 
        	Error Trace:	/Users/krrishbiswas/Desktop/LFX/minder/internal/controlplane/identity_events_test.go:154
        	Error:      	Received unexpected error:
        	            	unable to start postgres: unable to start postgres: unable to init database using '/var/folders/gc/fw85bzms2bn583tb98_nbxp40000gn/T/minder-db-test402616429/bin/initdb -A password -U postgres -D /var/folders/gc/fw85bzms2bn583tb98_nbxp40000gn/T/minder-db-test402616429/data --pwfile=/var/folders/gc/fw85bzms2bn583tb98_nbxp40000gn/T/minder-db-test402616429/pwfile': exit status 1
        	            	The files belonging to this database system will be owned by user "krrishbiswas".
        	            	This user must also own the server process.
        	            	
        	            	The database cluster will be initialized with locale "C.UTF-8".
        	            	The default database encoding has accordingly been set to "UTF8".
        	            	The default text search configuration will be set to "english".
        	            	
        	            	Data page checksums are enabled.
        	            	
        	            	creating directory /var/folders/gc/fw85bzms2bn583tb98_nbxp40000gn/T/minder-db-test402616429/data ... ok
        	            	creating subdirectories ... ok
        	            	selecting dynamic shared memory implementation ... posix
        	            	selecting default "max_connections" ... 20
        	            	selecting default "shared_buffers" ... 400kB
        	            	selecting default time zone ... Asia/Kolkata
        	            	creating configuration files ... ok
        	            	running bootstrap script ... 2026-04-04 11:19:00.727 IST [56756] FATAL:  could not create shared memory segment: No space left on device
        	            	2026-04-04 11:19:00.727 IST [56756] DETAIL:  Failed system call was shmget(key=56193712, size=56, 03600).
        	            	2026-04-04 11:19:00.727 IST [56756] HINT:  This error does *not* mean that you have run out of disk space.  It occurs either if all available shared memory IDs have been taken, in which case you need to raise the SHMMNI parameter in your kernel, or because the system's overall limit for shared memory has been reached.
        	            		The PostgreSQL documentation contains more information about shared memory configuration.
        	            	child process exited with exit code 1
        	            	initdb: removing data directory "/var/folders/gc/fw85bzms2bn583tb98_nbxp40000gn/T/minder-db-test402616429/data"
        	Test:       	TestDeleteUserOneProject
--- FAIL: TestDeleteUserOneProject (38.19s)
=== NAME  TestCreateProfile
    handlers_profile_test.go:43: Error creating fake store: unable to start postgres: unable to start postgres: unable to init database using '/var/folders/gc/fw85bzms2bn583tb98_nbxp40000gn/T/minder-db-test1675456896/bin/initdb -A password -U postgres -D /var/folders/gc/fw85bzms2bn583tb98_nbxp40000gn/T/minder-db-test1675456896/data --pwfile=/var/folders/gc/fw85bzms2bn583tb98_nbxp40000gn/T/minder-db-test1675456896/pwfile': exit status 1
        The files belonging to this database system will be owned by user "krrishbiswas".
        This user must also own the server process.
        
        The database cluster will be initialized with locale "C.UTF-8".
        The default database encoding has accordingly been set to "UTF8".
        The default text search configuration will be set to "english".
        
        Data page checksums are enabled.
        
        creating directory /var/folders/gc/fw85bzms2bn583tb98_nbxp40000gn/T/minder-db-test1675456896/data ... ok
        creating subdirectories ... ok
        selecting dynamic shared memory implementation ... posix
        selecting default "max_connections" ... 20
        selecting default "shared_buffers" ... 400kB
        selecting default time zone ... Asia/Kolkata
        creating configuration files ... ok
        running bootstrap script ... 2026-04-04 11:19:07.190 IST [56839] FATAL:  could not create shared memory segment: No space left on device
        2026-04-04 11:19:07.190 IST [56839] DETAIL:  Failed system call was shmget(key=56194881, size=56, 03600).
        2026-04-04 11:19:07.190 IST [56839] HINT:  This error does *not* mean that you have run out of disk space.  It occurs either if all available shared memory IDs have been taken, in which case you need to raise the SHMMNI parameter in your kernel, or because the system's overall limit for shared memory has been reached.
        	The PostgreSQL documentation contains more information about shared memory configuration.
        child process exited with exit code 1
        initdb: removing data directory "/var/folders/gc/fw85bzms2bn583tb98_nbxp40000gn/T/minder-db-test1675456896/data"
--- FAIL: TestCreateProfile (44.70s)
=== NAME  TestPatchProfile
    handlers_profile_test.go:390: Error creating fake store: unable to start postgres: unable to start postgres: unable to init database using '/var/folders/gc/fw85bzms2bn583tb98_nbxp40000gn/T/minder-db-test3296348629/bin/initdb -A password -U postgres -D /var/folders/gc/fw85bzms2bn583tb98_nbxp40000gn/T/minder-db-test3296348629/data --pwfile=/var/folders/gc/fw85bzms2bn583tb98_nbxp40000gn/T/minder-db-test3296348629/pwfile': exit status 1
        The files belonging to this database system will be owned by user "krrishbiswas".
        This user must also own the server process.
        
        The database cluster will be initialized with locale "C.UTF-8".
        The default database encoding has accordingly been set to "UTF8".
        The default text search configuration will be set to "english".
        
        Data page checksums are enabled.
        
        creating directory /var/folders/gc/fw85bzms2bn583tb98_nbxp40000gn/T/minder-db-test3296348629/data ... ok
        creating subdirectories ... ok
        selecting dynamic shared memory implementation ... posix
        selecting default "max_connections" ... 20
        selecting default "shared_buffers" ... 400kB
        selecting default time zone ... Asia/Kolkata
        creating configuration files ... ok
        running bootstrap script ... 2026-04-04 11:19:13.519 IST [56918] FATAL:  could not create shared memory segment: No space left on device
        2026-04-04 11:19:13.519 IST [56918] DETAIL:  Failed system call was shmget(key=56196043, size=56, 03600).
        2026-04-04 11:19:13.519 IST [56918] HINT:  This error does *not* mean that you have run out of disk space.  It occurs either if all available shared memory IDs have been taken, in which case you need to raise the SHMMNI parameter in your kernel, or because the system's overall limit for shared memory has been reached.
        	The PostgreSQL documentation contains more information about shared memory configuration.
        child process exited with exit code 1
        initdb: removing data directory "/var/folders/gc/fw85bzms2bn583tb98_nbxp40000gn/T/minder-db-test3296348629/data"
--- FAIL: TestPatchProfile (51.03s)
=== NAME  TestGetProfileById
    handlers_profile_test.go:1545: Error creating fake store: unable to start postgres: unable to start postgres: unable to init database using '/var/folders/gc/fw85bzms2bn583tb98_nbxp40000gn/T/minder-db-test2794592475/bin/initdb -A password -U postgres -D /var/folders/gc/fw85bzms2bn583tb98_nbxp40000gn/T/minder-db-test2794592475/data --pwfile=/var/folders/gc/fw85bzms2bn583tb98_nbxp40000gn/T/minder-db-test2794592475/pwfile': exit status 1
        The files belonging to this database system will be owned by user "krrishbiswas".
        This user must also own the server process.
        
        The database cluster will be initialized with locale "C.UTF-8".
        The default database encoding has accordingly been set to "UTF8".
        The default text search configuration will be set to "english".
        
        Data page checksums are enabled.
        
        creating directory /var/folders/gc/fw85bzms2bn583tb98_nbxp40000gn/T/minder-db-test2794592475/data ... ok
        creating subdirectories ... ok
        selecting dynamic shared memory implementation ... posix
        selecting default "max_connections" ... 20
        selecting default "shared_buffers" ... 400kB
        selecting default time zone ... Asia/Kolkata
        creating configuration files ... ok
        running bootstrap script ... 2026-04-04 11:19:19.381 IST [56998] FATAL:  could not create shared memory segment: No space left on device
        2026-04-04 11:19:19.381 IST [56998] DETAIL:  Failed system call was shmget(key=56197211, size=56, 03600).
        2026-04-04 11:19:19.381 IST [56998] HINT:  This error does *not* mean that you have run out of disk space.  It occurs either if all available shared memory IDs have been taken, in which case you need to raise the SHMMNI parameter in your kernel, or because the system's overall limit for shared memory has been reached.
        	The PostgreSQL documentation contains more information about shared memory configuration.
        child process exited with exit code 1
        initdb: removing data directory "/var/folders/gc/fw85bzms2bn583tb98_nbxp40000gn/T/minder-db-test2794592475/data"
--- FAIL: TestGetProfileById (56.80s)
=== NAME  TestGetProfileByName
    handlers_profile_test.go:1656: Error creating fake store: unable to start postgres: unable to start postgres: unable to init database using '/var/folders/gc/fw85bzms2bn583tb98_nbxp40000gn/T/minder-db-test3162738220/bin/initdb -A password -U postgres -D /var/folders/gc/fw85bzms2bn583tb98_nbxp40000gn/T/minder-db-test3162738220/data --pwfile=/var/folders/gc/fw85bzms2bn583tb98_nbxp40000gn/T/minder-db-test3162738220/pwfile': exit status 1
        The files belonging to this database system will be owned by user "krrishbiswas".
        This user must also own the server process.
        
        The database cluster will be initialized with locale "C.UTF-8".
        The default database encoding has accordingly been set to "UTF8".
        The default text search configuration will be set to "english".
        
        Data page checksums are enabled.
        
        creating directory /var/folders/gc/fw85bzms2bn583tb98_nbxp40000gn/T/minder-db-test3162738220/data ... ok
        creating subdirectories ... ok
        selecting dynamic shared memory implementation ... posix
        selecting default "max_connections" ... 20
        selecting default "shared_buffers" ... 400kB
        selecting default time zone ... Asia/Kolkata
        creating configuration files ... ok
        running bootstrap script ... 2026-04-04 11:19:25.664 IST [57092] FATAL:  could not create shared memory segment: No space left on device
        2026-04-04 11:19:25.664 IST [57092] DETAIL:  Failed system call was shmget(key=56198382, size=56, 03600).
        2026-04-04 11:19:25.664 IST [57092] HINT:  This error does *not* mean that you have run out of disk space.  It occurs either if all available shared memory IDs have been taken, in which case you need to raise the SHMMNI parameter in your kernel, or because the system's overall limit for shared memory has been reached.
        	The PostgreSQL documentation contains more information about shared memory configuration.
        child process exited with exit code 1
        initdb: removing data directory "/var/folders/gc/fw85bzms2bn583tb98_nbxp40000gn/T/minder-db-test3162738220/data"
--- FAIL: TestGetProfileByName (63.08s)
=== NAME  TestListProfiles
    handlers_profile_test.go:1417: Error creating fake store: unable to start postgres: unable to start postgres: unable to init database using '/var/folders/gc/fw85bzms2bn583tb98_nbxp40000gn/T/minder-db-test1428394787/bin/initdb -A password -U postgres -D /var/folders/gc/fw85bzms2bn583tb98_nbxp40000gn/T/minder-db-test1428394787/data --pwfile=/var/folders/gc/fw85bzms2bn583tb98_nbxp40000gn/T/minder-db-test1428394787/pwfile': exit status 1
        The files belonging to this database system will be owned by user "krrishbiswas".
        This user must also own the server process.
        
        The database cluster will be initialized with locale "C.UTF-8".
        The default database encoding has accordingly been set to "UTF8".
        The default text search configuration will be set to "english".
        
        Data page checksums are enabled.
        
        creating directory /var/folders/gc/fw85bzms2bn583tb98_nbxp40000gn/T/minder-db-test1428394787/data ... ok
        creating subdirectories ... ok
        selecting dynamic shared memory implementation ... posix
        selecting default "max_connections" ... 20
        selecting default "shared_buffers" ... 400kB
        selecting default time zone ... Asia/Kolkata
        creating configuration files ... ok
        running bootstrap script ... 2026-04-04 11:19:31.074 IST [57167] FATAL:  could not create shared memory segment: No space left on device
        2026-04-04 11:19:31.074 IST [57167] DETAIL:  Failed system call was shmget(key=56199544, size=56, 03600).
        2026-04-04 11:19:31.074 IST [57167] HINT:  This error does *not* mean that you have run out of disk space.  It occurs either if all available shared memory IDs have been taken, in which case you need to raise the SHMMNI parameter in your kernel, or because the system's overall limit for shared memory has been reached.
        	The PostgreSQL documentation contains more information about shared memory configuration.
        child process exited with exit code 1
        initdb: removing data directory "/var/folders/gc/fw85bzms2bn583tb98_nbxp40000gn/T/minder-db-test1428394787/data"
--- FAIL: TestListProfiles (61.40s)
FAIL
FAIL	github.com/mindersec/minder/internal/controlplane	69.235s
FAIL
