 OWNER              │ NAME                               │ PROVIDER        │ UPSTREAM ID            
────────────────────┼────────────────────────────────────┼─────────────────┼────────────────────────
 mock-owner         │ mock-frontend-repo                 │ github          │ 1122334455             
                    ├────────────────────────────────────┤                 ├────────────────────────
                    │ mock-backend-repo                  │                 │ 9988776655             
