 REPOSITORY                                        │ STATUS                   │ MESSAGE             
───────────────────────────────────────────────────┼──────────────────────────┼─────────────────────
 mock-owner/mock-repo                              │ Registered               │                     
