 ID    │ TYPE   │ OWNER    │ NAME         │ REPOSITORY   │ VISIBILITY   │ CREATION DATE             
───────┼────────┼──────────┼──────────────┼──────────────┼──────────────┼───────────────────────────
 111   │ image  │ owner-1  │ artifact-1   │ org/repo     │ public       │ 2024-01-02T15:04:05Z      
