╭───────────────────────────────┬─────────────┬────────────────────────────────╮
│ Name                          │ Entity Type │ Description                    │
├───────────────────────────────┼─────────────┼────────────────────────────────┤
│ secret_push_protection        │ repository  │ Verifies that secret push      │
│ (release_phase: beta)         │             │ protection is                  │
│                               │             │ enabled for a given            │
│                               │             │ repository. Note               │
│                               │             │ that this will will not work   │
│                               │             │ as expected                    │
│                               │             │ for private repositories       │
│                               │             │ unless you have                │
│                               │             │ GitHub Advanced Security       │
│                               │             │ enabled. If you                │
│                               │             │ still want to use this rule    │
│                               │             │ because you                    │
│                               │             │ have a mixture of private and  │
│                               │             │ public                         │
│                               │             │ repositories, enable the       │
│                               │             │ skip_private_repos flag.       │
│                               │             │                                │
├───────────────────────────────┼─────────────┼────────────────────────────────┤
│ secret_scanning               │ repository  │ Verifies that secret scanning  │
│ (release_phase: beta)         │             │ is enabled                     │
│                               │             │ for a given repository. Note   │
│                               │             │ that this                      │
│                               │             │ will will not work as expected │
│                               │             │ for                            │
│                               │             │ private repositories unless    │
│                               │             │ you have                       │
│                               │             │ GitHub Advanced Security       │
│                               │             │ enabled. If you                │
│                               │             │ still want to use this rule    │
│                               │             │ because you                    │
│                               │             │ have a mixture of private and  │
│                               │             │ public                         │
│                               │             │ repositories, enable the       │
│                               │             │ skip_private_repos flag.       │
│                               │             │                                │
├───────────────────────────────┼─────────────┼────────────────────────────────┤
│ test_base_file_rule           │ repository  │ Checks whether README.md       │
│ (release_phase: alpha,        │             │ exists in the                  │
│ can_remediate: false)         │             │ repository.                    │
│                               │             │                                │
╰───────────────────────────────┴─────────────┴────────────────────────────────╯
