 NAME                          │ STATUS         │ EVALUATED AT                                      
───────────────────────────────┼────────────────┼───────────────────────────────────────────────────
 mock-profile                  │ Ok             │ 2024-01-01T00:00:00Z                              

 ENTITY                  │ RULE NAME            │ STATUS  │ DETAILS                                 
─────────────────────────┼──────────────────────┼─────────┼─────────────────────────────────────────
 acme-corp/mock-repo     │                      │ Ok      │ Mock rule evaluation succeeded.         
 [repository]            │ [secret_scanning]    │         │                                         
                         ├──────────────────────┼─────────┼─────────────────────────────────────────
                         │                      │ Failed  │ Mock rule evaluation failed.            
                         │ [codeql_enabled]     │         │                                         
