 NAME                          │ STATUS         │ EVALUATED AT                                      
───────────────────────────────┼────────────────┼───────────────────────────────────────────────────
 mock-profile                  │ [32mOk[0m             │ 2024-01-01T00:00:00Z                              
