{
  "profileStatus": {
    "profileId": "11111111-1111-1111-1111-111111111111",
    "profileName": "mock-profile",
    "profileStatus": "success",
    "lastUpdated": "2024-01-01T00:00:00Z"
  },
  "ruleEvaluationStatus": [
    {
      "profileId": "11111111-1111-1111-1111-111111111111",
      "ruleId": "mock-rule-123",
      "status": "success",
      "lastUpdated": "2024-01-01T00:00:00Z",
      "details": "Mock rule evaluation succeeded."
    },
    {
      "profileId": "11111111-1111-1111-1111-111111111111",
      "ruleId": "mock-rule-456",
      "status": "failure",
      "lastUpdated": "2024-01-01T00:00:00Z",
      "details": "Mock rule evaluation failed."
    }
  ]
}
