 NAME                          │ STATUS         │ EVALUATED AT                                      
───────────────────────────────┼────────────────┼───────────────────────────────────────────────────
 mock-profile                  │ [32m✅[0m             │ 2024-01-01T00:00:00Z                              

 ENTITY     │ RULE NAME       │ STATUS     │ DETAILS                                                
────────────┼─────────────────┼────────────┼────────────────────────────────────────────────────────
            │                 │ [32m✅[0m         │ [32mMock rule evaluation succeeded.[0m                        
 []         │ []              │            │                                                        
            │                 ├────────────┼────────────────────────────────────────────────────────
            │                 │ [31m⛔[0m         │ [31mMock rule evaluation failed.[0m                           
            │                 │            │                                                        
