context:
  projectId: 00000000-0000-0000-0000-000000000000
  provider: github
id: 00000000-0000-0000-0000-000000000001
name: myorg/myrepo
properties:
  github/license: Apache-2.0
  github/primary_language: Go
  github/repo_name: myrepo
  github/repo_owner: myorg
  is_archived: false
  is_fork: false
  is_private: false
  name: myorg/myrepo
  upstream_id: "12345"
type: ENTITY_REPOSITORIES

