 TYPE   │ NAME                        │ PROVIDER     │ GITHUB/REPO_OWNER         │ IS_PRIVATE       
────────┼─────────────────────────────┼──────────────┼───────────────────────────┼──────────────────
 📂     │ myorg/myrepo                │ github       │ myorg                     │ false            
────────┼─────────────────────────────┼──────────────┼───────────────────────────┼──────────────────
 📂     │ myorg/another-repo          │ github       │ myorg                     │ false            
