 TYPE         │ NAME                   │ PROVIDER  │ ID                                             
──────────────┼────────────────────────┼───────────┼────────────────────────────────────────────────
 Repository   │ myorg/myrepo           │ github    │ 00000000-0000-0000-0000-000000000001           
──────────────┼────────────────────────┼───────────┼────────────────────────────────────────────────
 Repository   │ myorg/another-repo     │ github    │ 00000000-0000-0000-0000-000000000002           
