 ID                                                              │ NAME                             
─────────────────────────────────────────────────────────────────┼──────────────────────────────────
 00000000-0000-0000-0000-000000000001                            │ mock-project-alpha               
─────────────────────────────────────────────────────────────────┼──────────────────────────────────
 00000000-0000-0000-0000-000000000002                            │ mock-project-beta                
─────────────────────────────────────────────────────────────────┼──────────────────────────────────
 00000000-0000-0000-0000-000000000003                            │ mock-project-gamma               
