{
  "roleAssignments": [
    {
      "role": "admin",
      "subject": "admin-subject-123",
      "displayName": "Mock Admin",
      "project": "00000000-0000-0000-0000-000000000001"
    }
  ],
  "invitations": [
    {
      "role": "viewer",
      "email": "pending@example.com",
      "expiresAt": "2026-05-01T12:00:00Z",
      "sponsorDisplay": "Mock Admin"
    }
  ]
}
