 USER                                   │ ROLE   │ PROJECT                                          
────────────────────────────────────────┼────────┼──────────────────────────────────────────────────
 Mock Admin / admin-subject-123         │ admin  │ 00000000-0000-0000-0000-000000000001             
 INVITEE                        │ ROLE      │ SPONSOR          │ EXPIRES AT                         
────────────────────────────────┼───────────┼──────────────────┼────────────────────────────────────
 pending@example.com            │ viewer    │ Mock Admin       │ 2026-05-01T12:00:00Z               
