Updated role successfully.
 USER                                  │ ROLE   │ PROJECT                                           
───────────────────────────────────────┼────────┼───────────────────────────────────────────────────
 Mock User / mock-subject-123          │ admin  │ 00000000-0000-0000-0000-000000000001              
